Archive member included to satisfy reference by file (symbol)

/usr/bin/../lib/gcc/arm-none-eabi/6.3.1/../../../../arm-none-eabi/lib/thumb/v7e-m/libg_nano.a(lib_a-errno.o)
                              ./system/src/newlib/_sbrk.o (__errno)
/usr/bin/../lib/gcc/arm-none-eabi/6.3.1/../../../../arm-none-eabi/lib/thumb/v7e-m/libg_nano.a(lib_a-impure.o)
                              /usr/bin/../lib/gcc/arm-none-eabi/6.3.1/../../../../arm-none-eabi/lib/thumb/v7e-m/libg_nano.a(lib_a-errno.o) (_impure_ptr)
/usr/bin/../lib/gcc/arm-none-eabi/6.3.1/../../../../arm-none-eabi/lib/thumb/v7e-m/libg_nano.a(lib_a-strlen.o)
                              ./system/src/diag/Trace.o (strlen)
/usr/bin/../lib/gcc/arm-none-eabi/6.3.1/../../../../arm-none-eabi/lib/thumb/v7e-m/libg_nano.a(lib_a-vsnprintf.o)
                              ./system/src/diag/Trace.o (vsnprintf)
/usr/bin/../lib/gcc/arm-none-eabi/6.3.1/../../../../arm-none-eabi/lib/thumb/v7e-m/libg_nano.a(lib_a-nano-svfprintf.o)
                              /usr/bin/../lib/gcc/arm-none-eabi/6.3.1/../../../../arm-none-eabi/lib/thumb/v7e-m/libg_nano.a(lib_a-vsnprintf.o) (_svfprintf_r)
/usr/bin/../lib/gcc/arm-none-eabi/6.3.1/../../../../arm-none-eabi/lib/thumb/v7e-m/libg_nano.a(lib_a-nano-vfprintf_i.o)
                              /usr/bin/../lib/gcc/arm-none-eabi/6.3.1/../../../../arm-none-eabi/lib/thumb/v7e-m/libg_nano.a(lib_a-nano-svfprintf.o) (_printf_i)
/usr/bin/../lib/gcc/arm-none-eabi/6.3.1/../../../../arm-none-eabi/lib/thumb/v7e-m/libg_nano.a(lib_a-memchr.o)
                              /usr/bin/../lib/gcc/arm-none-eabi/6.3.1/../../../../arm-none-eabi/lib/thumb/v7e-m/libg_nano.a(lib_a-nano-svfprintf.o) (memchr)
/usr/bin/../lib/gcc/arm-none-eabi/6.3.1/../../../../arm-none-eabi/lib/thumb/v7e-m/libg_nano.a(lib_a-memcpy-stub.o)
                              /usr/bin/../lib/gcc/arm-none-eabi/6.3.1/../../../../arm-none-eabi/lib/thumb/v7e-m/libg_nano.a(lib_a-nano-svfprintf.o) (memcpy)
/usr/bin/../lib/gcc/arm-none-eabi/6.3.1/../../../../arm-none-eabi/lib/thumb/v7e-m/libg_nano.a(lib_a-memmove.o)
                              /usr/bin/../lib/gcc/arm-none-eabi/6.3.1/../../../../arm-none-eabi/lib/thumb/v7e-m/libg_nano.a(lib_a-nano-svfprintf.o) (memmove)
/usr/bin/../lib/gcc/arm-none-eabi/6.3.1/../../../../arm-none-eabi/lib/thumb/v7e-m/libg_nano.a(lib_a-nano-freer.o)
                              /usr/bin/../lib/gcc/arm-none-eabi/6.3.1/../../../../arm-none-eabi/lib/thumb/v7e-m/libg_nano.a(lib_a-nano-svfprintf.o) (_free_r)
/usr/bin/../lib/gcc/arm-none-eabi/6.3.1/../../../../arm-none-eabi/lib/thumb/v7e-m/libg_nano.a(lib_a-nano-mallocr.o)
                              /usr/bin/../lib/gcc/arm-none-eabi/6.3.1/../../../../arm-none-eabi/lib/thumb/v7e-m/libg_nano.a(lib_a-nano-svfprintf.o) (_malloc_r)
/usr/bin/../lib/gcc/arm-none-eabi/6.3.1/../../../../arm-none-eabi/lib/thumb/v7e-m/libg_nano.a(lib_a-nano-reallocr.o)
                              /usr/bin/../lib/gcc/arm-none-eabi/6.3.1/../../../../arm-none-eabi/lib/thumb/v7e-m/libg_nano.a(lib_a-nano-svfprintf.o) (_realloc_r)
/usr/bin/../lib/gcc/arm-none-eabi/6.3.1/../../../../arm-none-eabi/lib/thumb/v7e-m/libg_nano.a(lib_a-sbrkr.o)
                              /usr/bin/../lib/gcc/arm-none-eabi/6.3.1/../../../../arm-none-eabi/lib/thumb/v7e-m/libg_nano.a(lib_a-nano-mallocr.o) (_sbrk_r)
/usr/bin/../lib/gcc/arm-none-eabi/6.3.1/../../../../arm-none-eabi/lib/thumb/v7e-m/libg_nano.a(lib_a-mlock.o)
                              /usr/bin/../lib/gcc/arm-none-eabi/6.3.1/../../../../arm-none-eabi/lib/thumb/v7e-m/libg_nano.a(lib_a-nano-freer.o) (__malloc_lock)
/usr/bin/../lib/gcc/arm-none-eabi/6.3.1/../../../../arm-none-eabi/lib/thumb/v7e-m/libg_nano.a(lib_a-nano-msizer.o)
                              /usr/bin/../lib/gcc/arm-none-eabi/6.3.1/../../../../arm-none-eabi/lib/thumb/v7e-m/libg_nano.a(lib_a-nano-reallocr.o) (_malloc_usable_size_r)

Allocating common symbols
Common symbol       size              file

errno               0x4               ./system/src/newlib/_syscalls.o
uwTick              0x4               ./system/src/stm32f4-hal/stm32f4xx_hal.o
pFlash              0x20              ./system/src/stm32f4-hal/stm32f4xx_hal_flash.o

Discarded input sections

 .group         0x0000000000000000        0x8 ./system/src/stm32f4-hal/stm32f4xx_hal.o
 .group         0x0000000000000000        0x8 ./system/src/stm32f4-hal/stm32f4xx_hal.o
 .group         0x0000000000000000        0x8 ./system/src/stm32f4-hal/stm32f4xx_hal.o
 .group         0x0000000000000000        0x8 ./system/src/stm32f4-hal/stm32f4xx_hal.o
 .group         0x0000000000000000        0x8 ./system/src/stm32f4-hal/stm32f4xx_hal.o
 .group         0x0000000000000000        0x8 ./system/src/stm32f4-hal/stm32f4xx_hal.o
 .group         0x0000000000000000        0x8 ./system/src/stm32f4-hal/stm32f4xx_hal.o
 .group         0x0000000000000000        0x8 ./system/src/stm32f4-hal/stm32f4xx_hal.o
 .group         0x0000000000000000        0x8 ./system/src/stm32f4-hal/stm32f4xx_hal.o
[...]
Memory Configuration

Name             Origin             Length             Attributes
RAM              0x0000000020000000 0x0000000000020000 xrw
CCMRAM           0x0000000010000000 0x0000000000010000 xrw
FLASH            0x0000000008000000 0x0000000000100000 xr
FLASHB1          0x0000000000000000 0x0000000000000000 xr
EXTMEMB0         0x0000000000000000 0x0000000000000000 xr
EXTMEMB1         0x0000000000000000 0x0000000000000000 xr
EXTMEMB2         0x0000000000000000 0x0000000000000000 xr
EXTMEMB3         0x0000000000000000 0x0000000000000000 xr
MEMORY_ARRAY     0x0000000020002000 0x0000000000000020 xrw
*default*        0x0000000000000000 0xffffffffffffffff

Linker script and memory map

LOAD ./system/src/stm32f4-hal/stm32f4xx_hal.o
LOAD ./system/src/stm32f4-hal/stm32f4xx_hal_cortex.o
LOAD ./system/src/stm32f4-hal/stm32f4xx_hal_dfsdm.o
LOAD ./system/src/stm32f4-hal/stm32f4xx_hal_flash.o
LOAD ./system/src/stm32f4-hal/stm32f4xx_hal_gpio.o
LOAD ./system/src/stm32f4-hal/stm32f4xx_hal_iwdg.o
LOAD ./system/src/stm32f4-hal/stm32f4xx_hal_pwr.o
LOAD ./system/src/stm32f4-hal/stm32f4xx_hal_rcc.o
LOAD ./system/src/newlib/_cxx.o
LOAD ./system/src/newlib/_exit.o
LOAD ./system/src/newlib/_sbrk.o
LOAD ./system/src/newlib/_startup.o
LOAD ./system/src/newlib/_syscalls.o
LOAD ./system/src/newlib/assert.o
LOAD ./system/src/diag/Trace.o
LOAD ./system/src/diag/trace_impl.o
LOAD ./system/src/cortexm/_initialize_hardware.o
LOAD ./system/src/cortexm/_reset_hardware.o
LOAD ./system/src/cortexm/exception_handlers.o
LOAD ./system/src/cmsis/system_stm32f4xx.o
LOAD ./system/src/cmsis/vectors_stm32f407xx.o
LOAD ./src/main.o
LOAD ./src/stm32f4xx_it.o
LOAD /usr/bin/../lib/gcc/arm-none-eabi/6.3.1/../../../../arm-none-eabi/lib/thumb/v7e-m/libstdc++_nano.a
LOAD /usr/bin/../lib/gcc/arm-none-eabi/6.3.1/../../../../arm-none-eabi/lib/thumb/v7e-m/libm.a
START GROUP
LOAD /usr/bin/../lib/gcc/arm-none-eabi/6.3.1/thumb/v7e-m/libgcc.a
LOAD /usr/bin/../lib/gcc/arm-none-eabi/6.3.1/../../../../arm-none-eabi/lib/thumb/v7e-m/libg_nano.a
LOAD /usr/bin/../lib/gcc/arm-none-eabi/6.3.1/../../../../arm-none-eabi/lib/thumb/v7e-m/libc_nano.a
END GROUP
START GROUP
LOAD /usr/bin/../lib/gcc/arm-none-eabi/6.3.1/thumb/v7e-m/libgcc.a
LOAD /usr/bin/../lib/gcc/arm-none-eabi/6.3.1/../../../../arm-none-eabi/lib/thumb/v7e-m/libc_nano.a
END GROUP
                0x0000000020020000                __stack = (ORIGIN (RAM) + LENGTH (RAM))
                0x0000000020020000                _estack = __stack
                0x0000000000000400                __Main_Stack_Size = 0x400
                [!provide]                        PROVIDE (_Main_Stack_Size, __Main_Stack_Size)
                0x000000002001fc00                __Main_Stack_Limit = (__stack - __Main_Stack_Size)
                [!provide]                        PROVIDE (_Main_Stack_Limit, __Main_Stack_Limit)
                0x0000000000000100                _Minimum_Stack_Size = 0x100
                0x0000000020000118                PROVIDE (_Heap_Begin, _end_noinit)
                0x000000002001fc00                PROVIDE (_Heap_Limit, (__stack - __Main_Stack_Size))

.isr_vector     0x0000000008000000      0x3e8
 FILL mask 0xff
                0x0000000008000000                __vectors_start = ABSOLUTE (.)
                0x0000000008000000                __vectors_start__ = ABSOLUTE (.)
 *(.isr_vector)
 .isr_vector    0x0000000008000000      0x188 ./system/src/cmsis/vectors_stm32f407xx.o
                0x0000000008000000                __isr_vectors
 *(.cfmconfig)
 *(.after_vectors .after_vectors.*)
 .after_vectors
                0x0000000008000188      0x130 ./system/src/newlib/_startup.o
                0x0000000008000188                _start
 .after_vectors
                0x00000000080002b8      0x12c ./system/src/cortexm/exception_handlers.o
                0x00000000080002b8                Reset_Handler
                0x00000000080002d6                HardFault_Handler_C
                0x000000000800034c                BusFault_Handler_C
                0x0000000008000394                UsageFault_Handler_C
 .after_vectors
                0x00000000080003e4        0x4 ./system/src/cmsis/vectors_stm32f407xx.o
                0x00000000080003e4                RTC_Alarm_IRQHandler
                0x00000000080003e4                HASH_RNG_IRQHandler
                0x00000000080003e4                EXTI2_IRQHandler
                0x00000000080003e4                TIM8_CC_IRQHandler
                0x00000000080003e4                TIM1_CC_IRQHandler
                0x00000000080003e4                DMA2_Stream5_IRQHandler
                0x00000000080003e4                DMA1_Stream5_IRQHandler
                0x00000000080003e4                PVD_IRQHandler
                0x00000000080003e4                SDIO_IRQHandler
                0x00000000080003e4                TAMP_STAMP_IRQHandler
                0x00000000080003e4                CAN2_RX1_IRQHandler
                0x00000000080003e4                EXTI3_IRQHandler
                0x00000000080003e4                TIM8_TRG_COM_TIM14_IRQHandler
                0x00000000080003e4                TIM1_UP_TIM10_IRQHandler
                0x00000000080003e4                TIM8_UP_TIM13_IRQHandler
                0x00000000080003e4                I2C3_ER_IRQHandler
                0x00000000080003e4                EXTI0_IRQHandler
                0x00000000080003e4                I2C2_EV_IRQHandler
                0x00000000080003e4                DMA1_Stream2_IRQHandler
                0x00000000080003e4                CAN1_RX0_IRQHandler
                0x00000000080003e4                FPU_IRQHandler
                0x00000000080003e4                OTG_HS_WKUP_IRQHandler
                0x00000000080003e4                CAN2_SCE_IRQHandler
                0x00000000080003e4                DMA2_Stream2_IRQHandler
                0x00000000080003e4                SPI1_IRQHandler
                0x00000000080003e4                TIM6_DAC_IRQHandler
                0x00000000080003e4                TIM1_BRK_TIM9_IRQHandler
                0x00000000080003e4                DCMI_IRQHandler
                0x00000000080003e4                CAN2_RX0_IRQHandler
                0x00000000080003e4                DMA2_Stream3_IRQHandler
                0x00000000080003e4                USART6_IRQHandler
                0x00000000080003e4                USART3_IRQHandler
                0x00000000080003e4                CAN1_RX1_IRQHandler
                0x00000000080003e4                UART5_IRQHandler
                0x00000000080003e4                DMA2_Stream0_IRQHandler
                0x00000000080003e4                TIM4_IRQHandler
                0x00000000080003e4                I2C1_EV_IRQHandler
                0x00000000080003e4                DMA1_Stream6_IRQHandler
                0x00000000080003e4                DMA1_Stream1_IRQHandler
                0x00000000080003e4                UART4_IRQHandler
                0x00000000080003e4                TIM3_IRQHandler
                0x00000000080003e4                RCC_IRQHandler
                0x00000000080003e4                TIM8_BRK_TIM12_IRQHandler
                0x00000000080003e4                Default_Handler
                0x00000000080003e4                EXTI15_10_IRQHandler
                0x00000000080003e4                ADC_IRQHandler
                0x00000000080003e4                DMA1_Stream7_IRQHandler
                0x00000000080003e4                TIM7_IRQHandler
                0x00000000080003e4                CAN2_TX_IRQHandler
                0x00000000080003e4                TIM5_IRQHandler
                0x00000000080003e4                DMA2_Stream7_IRQHandler
                0x00000000080003e4                I2C3_EV_IRQHandler
                0x00000000080003e4                EXTI9_5_IRQHandler
                0x00000000080003e4                RTC_WKUP_IRQHandler
                0x00000000080003e4                ETH_WKUP_IRQHandler
                0x00000000080003e4                SPI2_IRQHandler
                0x00000000080003e4                OTG_HS_EP1_IN_IRQHandler
                0x00000000080003e4                DMA1_Stream0_IRQHandler
                0x00000000080003e4                CAN1_TX_IRQHandler
                0x00000000080003e4                EXTI4_IRQHandler
                0x00000000080003e4                ETH_IRQHandler
                0x00000000080003e4                OTG_HS_EP1_OUT_IRQHandler
                0x00000000080003e4                WWDG_IRQHandler
                0x00000000080003e4                TIM2_IRQHandler
                0x00000000080003e4                OTG_FS_WKUP_IRQHandler
                0x00000000080003e4                TIM1_TRG_COM_TIM11_IRQHandler
                0x00000000080003e4                OTG_HS_IRQHandler
                0x00000000080003e4                EXTI1_IRQHandler
                0x00000000080003e4                USART2_IRQHandler
                0x00000000080003e4                I2C2_ER_IRQHandler
                0x00000000080003e4                DMA2_Stream1_IRQHandler
                0x00000000080003e4                CAN1_SCE_IRQHandler
                0x00000000080003e4                FLASH_IRQHandler
                0x00000000080003e4                DMA2_Stream4_IRQHandler
                0x00000000080003e4                USART1_IRQHandler
                0x00000000080003e4                OTG_FS_IRQHandler
                0x00000000080003e4                SPI3_IRQHandler
                0x00000000080003e4                DMA1_Stream4_IRQHandler
                0x00000000080003e4                I2C1_ER_IRQHandler
                0x00000000080003e4                FMC_IRQHandler
                0x00000000080003e4                DMA2_Stream6_IRQHandler
                0x00000000080003e4                DMA1_Stream3_IRQHandler

.inits          0x00000000080003e8       0x28
                0x00000000080003e8                __data_regions_array_start = .
                0x00000000080003e8        0x4 LONG 0x8002028 LOADADDR (.data)
                0x00000000080003ec        0x4 LONG 0x20000000 ADDR (.data)
                0x00000000080003f0        0x4 LONG 0x20000078 (ADDR (.data) + SIZEOF (.data))
                0x00000000080003f4        0x4 LONG 0x8002028 LOADADDR (.data_CCMRAM)
                0x00000000080003f8        0x4 LONG 0x10000000 ADDR (.data_CCMRAM)
                0x00000000080003fc        0x4 LONG 0x10000000 (ADDR (.data_CCMRAM) + SIZEOF (.data_CCMRAM))
                0x0000000008000400                __data_regions_array_end = .
                0x0000000008000400                __bss_regions_array_start = .
                0x0000000008000400        0x4 LONG 0x20000078 ADDR (.bss)
                0x0000000008000404        0x4 LONG 0x20000118 (ADDR (.bss) + SIZEOF (.bss))
                0x0000000008000408        0x4 LONG 0x10000000 ADDR (.bss_CCMRAM)
                0x000000000800040c        0x4 LONG 0x10000000 (ADDR (.bss_CCMRAM) + SIZEOF (.bss_CCMRAM))
                0x0000000008000410                __bss_regions_array_end = .
 *(.init)
 *(.fini)
                0x0000000008000410                . = ALIGN (0x4)
                0x0000000008000410                PROVIDE (__preinit_array_start, .)
 *(.preinit_array_sysinit .preinit_array_sysinit.*)
 *(.preinit_array_platform .preinit_array_platform.*)
 *(.preinit_array .preinit_array.*)
                0x0000000008000410                PROVIDE (__preinit_array_end, .)
                0x0000000008000410                . = ALIGN (0x4)
                0x0000000008000410                PROVIDE (__init_array_start, .)
 *(SORT(.init_array.*))
 *(.init_array)
                0x0000000008000410                PROVIDE (__init_array_end, .)
                0x0000000008000410                . = ALIGN (0x4)
                0x0000000008000410                PROVIDE (__fini_array_start, .)
 *(SORT(.fini_array.*))
 *(.fini_array)
                0x0000000008000410                PROVIDE (__fini_array_end, .)

.flashtext
 *(.flashtext .flashtext.*)

.text           0x0000000008000410     0x1c17
 *(.text .text.*)
 .text.HAL_MspInit
                0x0000000008000410        0x2 ./system/src/stm32f4-hal/stm32f4xx_hal.o
                0x0000000008000410                HAL_MspInit
 *fill*         0x0000000008000412        0x2 
 .text.HAL_InitTick
                0x0000000008000414       0x2c ./system/src/stm32f4-hal/stm32f4xx_hal.o
                0x0000000008000414                HAL_InitTick
 .text.HAL_Init
                0x0000000008000440       0x34 ./system/src/stm32f4-hal/stm32f4xx_hal.o
                0x0000000008000440                HAL_Init
 .text.HAL_IncTick
                0x0000000008000474       0x10 ./system/src/stm32f4-hal/stm32f4xx_hal.o
                0x0000000008000474                HAL_IncTick
 .text.HAL_GetTick
                0x0000000008000484        0xc ./system/src/stm32f4-hal/stm32f4xx_hal.o
                0x0000000008000484                HAL_GetTick
 .text.HAL_Delay
                0x0000000008000490       0x1c ./system/src/stm32f4-hal/stm32f4xx_hal.o
                0x0000000008000490                HAL_Delay
 .text.HAL_GetREVID
                0x00000000080004ac        0xc ./system/src/stm32f4-hal/stm32f4xx_hal.o
                0x00000000080004ac                HAL_GetREVID
 .text.HAL_NVIC_SetPriorityGrouping
                0x00000000080004b8       0x3c ./system/src/stm32f4-hal/stm32f4xx_hal_cortex.o
                0x00000000080004b8                HAL_NVIC_SetPriorityGrouping
 .text.HAL_NVIC_SetPriority
                0x00000000080004f4       0x88 ./system/src/stm32f4-hal/stm32f4xx_hal_cortex.o
                0x00000000080004f4                HAL_NVIC_SetPriority
 .text.HAL_SYSTICK_Config
                0x000000000800057c       0x2c ./system/src/stm32f4-hal/stm32f4xx_hal_cortex.o
                0x000000000800057c                HAL_SYSTICK_Config
 .text.HAL_GPIO_Init
                0x00000000080005a8      0x2fc ./system/src/stm32f4-hal/stm32f4xx_hal_gpio.o
                0x00000000080005a8                HAL_GPIO_Init
 .text.HAL_GPIO_TogglePin
                0x00000000080008a4       0x20 ./system/src/stm32f4-hal/stm32f4xx_hal_gpio.o
                0x00000000080008a4                HAL_GPIO_TogglePin
 .text.HAL_RCC_OscConfig
                0x00000000080008c4      0x42c ./system/src/stm32f4-hal/stm32f4xx_hal_rcc.o
                0x00000000080008c4                HAL_RCC_OscConfig
 .text.HAL_RCC_GetSysClockFreq
                0x0000000008000cf0       0x94 ./system/src/stm32f4-hal/stm32f4xx_hal_rcc.o
                0x0000000008000cf0                HAL_RCC_GetSysClockFreq
 .text.HAL_RCC_ClockConfig
                0x0000000008000d84      0x250 ./system/src/stm32f4-hal/stm32f4xx_hal_rcc.o
                0x0000000008000d84                HAL_RCC_ClockConfig
 .text._exit    0x0000000008000fd4        0x2 ./system/src/newlib/_exit.o
                0x0000000008000fd4                _exit
 *fill*         0x0000000008000fd6        0x2 
 .text.abort    0x0000000008000fd8       0x14 ./system/src/newlib/_exit.o
                0x0000000008000fd8                abort
 .text._sbrk    0x0000000008000fec       0x44 ./system/src/newlib/_sbrk.o
                0x0000000008000fec                _sbrk
 .text.__initialize_args
                0x0000000008001030       0x10 ./system/src/newlib/_syscalls.o
                0x0000000008001030                __initialize_args
 .text.assert_failed
                0x0000000008001040       0x14 ./system/src/newlib/assert.o
                0x0000000008001040                assert_failed
 .text.trace_printf
                0x0000000008001054       0x30 ./system/src/diag/Trace.o
                0x0000000008001054                trace_printf
 .text.trace_puts
                0x0000000008001084       0x20 ./system/src/diag/Trace.o
                0x0000000008001084                trace_puts
 .text._trace_write_semihosting_debug
                0x00000000080010a4       0x60 ./system/src/diag/trace_impl.o
 .text.trace_write
                0x0000000008001104        0x8 ./system/src/diag/trace_impl.o
                0x0000000008001104                trace_write
 .text.__initialize_hardware_early
                0x000000000800110c       0x18 ./system/src/cortexm/_initialize_hardware.o
                0x000000000800110c                __initialize_hardware_early
 .text.__initialize_hardware
                0x0000000008001124        0x8 ./system/src/cortexm/_initialize_hardware.o
                0x0000000008001124                __initialize_hardware
 .text.dumpExceptionStack
                0x000000000800112c       0xf4 ./system/src/cortexm/exception_handlers.o
                0x000000000800112c                dumpExceptionStack
 .text.isSemihosting
                0x0000000008001220       0x20 ./system/src/cortexm/exception_handlers.o
                0x0000000008001220                isSemihosting
 .text.SystemInit
                0x0000000008001240       0x40 ./system/src/cmsis/system_stm32f4xx.o
                0x0000000008001240                SystemInit
 .text.SystemCoreClockUpdate
                0x0000000008001280       0xa0 ./system/src/cmsis/system_stm32f4xx.o
                0x0000000008001280                SystemCoreClockUpdate
 .text._ZL13Error_Handlerv
                0x0000000008001320        0x2 ./src/main.o
 *fill*         0x0000000008001322        0x2 
 .text._ZL18SystemClock_Configv
                0x0000000008001324       0xb0 ./src/main.o
 .text.main     0x00000000080013d4       0x9c ./src/main.o
                0x00000000080013d4                main
 .text.NMI_Handler
                0x0000000008001470        0x2 ./src/stm32f4xx_it.o
                0x0000000008001470                NMI_Handler
 .text.HardFault_Handler
                0x0000000008001472        0x2 ./src/stm32f4xx_it.o
                0x0000000008001472                HardFault_Handler
 .text.MemManage_Handler
                0x0000000008001474        0x2 ./src/stm32f4xx_it.o
                0x0000000008001474                MemManage_Handler
 .text.BusFault_Handler
                0x0000000008001476        0x2 ./src/stm32f4xx_it.o
                0x0000000008001476                BusFault_Handler
 .text.UsageFault_Handler
                0x0000000008001478        0x2 ./src/stm32f4xx_it.o
                0x0000000008001478                UsageFault_Handler
 .text.SVC_Handler
                0x000000000800147a        0x2 ./src/stm32f4xx_it.o
                0x000000000800147a                SVC_Handler
 .text.DebugMon_Handler
                0x000000000800147c        0x2 ./src/stm32f4xx_it.o
                0x000000000800147c                DebugMon_Handler
 .text.PendSV_Handler
                0x000000000800147e        0x2 ./src/stm32f4xx_it.o
                0x000000000800147e                PendSV_Handler
 .text.SysTick_Handler
                0x0000000008001480        0x8 ./src/stm32f4xx_it.o
                0x0000000008001480                SysTick_Handler
 .text.__errno  0x0000000008001488        0xc /usr/bin/../lib/gcc/arm-none-eabi/6.3.1/../../../../arm-none-eabi/lib/thumb/v7e-m/libg_nano.a(lib_a-errno.o)
                0x0000000008001488                __errno
 .text          0x0000000008001494       0x10 /usr/bin/../lib/gcc/arm-none-eabi/6.3.1/../../../../arm-none-eabi/lib/thumb/v7e-m/libg_nano.a(lib_a-strlen.o)
                0x0000000008001494                strlen
 .text._vsnprintf_r
                0x00000000080014a4       0x58 /usr/bin/../lib/gcc/arm-none-eabi/6.3.1/../../../../arm-none-eabi/lib/thumb/v7e-m/libg_nano.a(lib_a-vsnprintf.o)
                0x00000000080014a4                _vsnprintf_r
                0x00000000080014a4                _vsniprintf_r
 .text.vsnprintf
                0x00000000080014fc       0x1c /usr/bin/../lib/gcc/arm-none-eabi/6.3.1/../../../../arm-none-eabi/lib/thumb/v7e-m/libg_nano.a(lib_a-vsnprintf.o)
                0x00000000080014fc                vsnprintf
                0x00000000080014fc                vsniprintf
 .text.__ssputs_r
                0x0000000008001518       0xb6 /usr/bin/../lib/gcc/arm-none-eabi/6.3.1/../../../../arm-none-eabi/lib/thumb/v7e-m/libg_nano.a(lib_a-nano-svfprintf.o)
                0x0000000008001518                __ssputs_r
 *fill*         0x00000000080015ce        0x2 
 .text._svfprintf_r
                0x00000000080015d0      0x1e8 /usr/bin/../lib/gcc/arm-none-eabi/6.3.1/../../../../arm-none-eabi/lib/thumb/v7e-m/libg_nano.a(lib_a-nano-svfprintf.o)
                0x00000000080015d0                _svfprintf_r
                0x00000000080015d0                _svfiprintf_r
 .text._printf_common
                0x00000000080017b8       0xec /usr/bin/../lib/gcc/arm-none-eabi/6.3.1/../../../../arm-none-eabi/lib/thumb/v7e-m/libg_nano.a(lib_a-nano-vfprintf_i.o)
                0x00000000080017b8                _printf_common
 .text._printf_i
                0x00000000080018a4      0x240 /usr/bin/../lib/gcc/arm-none-eabi/6.3.1/../../../../arm-none-eabi/lib/thumb/v7e-m/libg_nano.a(lib_a-nano-vfprintf_i.o)
                0x00000000080018a4                _printf_i
 *fill*         0x0000000008001ae4        0xc 
 .text          0x0000000008001af0       0xa0 /usr/bin/../lib/gcc/arm-none-eabi/6.3.1/../../../../arm-none-eabi/lib/thumb/v7e-m/libg_nano.a(lib_a-memchr.o)
                0x0000000008001af0                memchr
 .text.memcpy   0x0000000008001b90       0x16 /usr/bin/../lib/gcc/arm-none-eabi/6.3.1/../../../../arm-none-eabi/lib/thumb/v7e-m/libg_nano.a(lib_a-memcpy-stub.o)
                0x0000000008001b90                memcpy
 .text.memmove  0x0000000008001ba6       0x34 /usr/bin/../lib/gcc/arm-none-eabi/6.3.1/../../../../arm-none-eabi/lib/thumb/v7e-m/libg_nano.a(lib_a-memmove.o)
                0x0000000008001ba6                memmove
 *fill*         0x0000000008001bda        0x2 
 .text._free_r  0x0000000008001bdc       0x9c /usr/bin/../lib/gcc/arm-none-eabi/6.3.1/../../../../arm-none-eabi/lib/thumb/v7e-m/libg_nano.a(lib_a-nano-freer.o)
                0x0000000008001bdc                _free_r
 .text._malloc_r
                0x0000000008001c78       0xbc /usr/bin/../lib/gcc/arm-none-eabi/6.3.1/../../../../arm-none-eabi/lib/thumb/v7e-m/libg_nano.a(lib_a-nano-mallocr.o)
                0x0000000008001c78                _malloc_r
 .text._realloc_r
                0x0000000008001d34       0x4c /usr/bin/../lib/gcc/arm-none-eabi/6.3.1/../../../../arm-none-eabi/lib/thumb/v7e-m/libg_nano.a(lib_a-nano-reallocr.o)
                0x0000000008001d34                _realloc_r
 .text._sbrk_r  0x0000000008001d80       0x20 /usr/bin/../lib/gcc/arm-none-eabi/6.3.1/../../../../arm-none-eabi/lib/thumb/v7e-m/libg_nano.a(lib_a-sbrkr.o)
                0x0000000008001d80                _sbrk_r
 .text.__malloc_lock
                0x0000000008001da0        0x2 /usr/bin/../lib/gcc/arm-none-eabi/6.3.1/../../../../arm-none-eabi/lib/thumb/v7e-m/libg_nano.a(lib_a-mlock.o)
                0x0000000008001da0                __malloc_lock
 .text.__malloc_unlock
                0x0000000008001da2        0x2 /usr/bin/../lib/gcc/arm-none-eabi/6.3.1/../../../../arm-none-eabi/lib/thumb/v7e-m/libg_nano.a(lib_a-mlock.o)
                0x0000000008001da2                __malloc_unlock
 .text._malloc_usable_size_r
                0x0000000008001da4       0x12 /usr/bin/../lib/gcc/arm-none-eabi/6.3.1/../../../../arm-none-eabi/lib/thumb/v7e-m/libg_nano.a(lib_a-nano-msizer.o)
                0x0000000008001da4                _malloc_usable_size_r
 *(.rodata .rodata.* .constdata .constdata.*)
 *fill*         0x0000000008001db6        0x2 
 .rodata.HAL_NVIC_SetPriorityGrouping.str1.4
                0x0000000008001db8       0x31 ./system/src/stm32f4-hal/stm32f4xx_hal_cortex.o
 *fill*         0x0000000008001de9        0x3 
 .rodata.HAL_GPIO_Init.str1.4
                0x0000000008001dec       0x2f ./system/src/stm32f4-hal/stm32f4xx_hal_gpio.o
 *fill*         0x0000000008001e1b        0x1 
 .rodata.APBAHBPrescTable
                0x0000000008001e1c       0x10 ./system/src/stm32f4-hal/stm32f4xx_hal_rcc.o
                0x0000000008001e1c                APBAHBPrescTable
 .rodata.HAL_RCC_OscConfig.str1.4
                0x0000000008001e2c       0x2e ./system/src/stm32f4-hal/stm32f4xx_hal_rcc.o
 *fill*         0x0000000008001e5a        0x2 
 .rodata.abort.str1.4
                0x0000000008001e5c       0x14 ./system/src/newlib/_exit.o
 .rodata.assert_failed.str1.4
                0x0000000008001e70       0x2b ./system/src/newlib/assert.o
 .rodata.trace_puts.str1.4
                0x0000000008001e9b       0x2b ./system/src/diag/Trace.o
                                          0x2 (size before relaxing)
 *fill*         0x0000000008001e9b        0x1 
 .rodata.dumpExceptionStack.str1.4
                0x0000000008001e9c      0x11a ./system/src/cortexm/exception_handlers.o
 *fill*         0x0000000008001fb6        0x2 
 .rodata.str1.4
                0x0000000008001fb8       0x2c ./system/src/cortexm/exception_handlers.o
                                         0x2a (size before relaxing)
 .rodata.AHBPrescTable
                0x0000000008001fe4       0x10 ./system/src/cmsis/system_stm32f4xx.o
                0x0000000008001fe4                AHBPrescTable
 .rodata._svfprintf_r.str1.1
                0x0000000008001ff4       0x11 /usr/bin/../lib/gcc/arm-none-eabi/6.3.1/../../../../arm-none-eabi/lib/thumb/v7e-m/libg_nano.a(lib_a-nano-svfprintf.o)
 .rodata._printf_i.str1.1
                0x0000000008002005       0x22 /usr/bin/../lib/gcc/arm-none-eabi/6.3.1/../../../../arm-none-eabi/lib/thumb/v7e-m/libg_nano.a(lib_a-nano-vfprintf_i.o)
 *(vtable)
 *(.eh_frame*)
 *(.glue_7)
 .glue_7        0x0000000008002027        0x0 linker stubs
 *(.glue_7t)
 .glue_7t       0x0000000008002027        0x0 linker stubs

.vfp11_veneer   0x0000000008002028        0x0
 .vfp11_veneer  0x0000000008002028        0x0 linker stubs

.v4_bx          0x0000000008002028        0x0
 .v4_bx         0x0000000008002028        0x0 linker stubs

.iplt           0x0000000008002028        0x0
 .iplt          0x0000000008002028        0x0 ./system/src/stm32f4-hal/stm32f4xx_hal.o

.rel.dyn        0x0000000008002028        0x0
 .rel.iplt      0x0000000008002028        0x0 ./system/src/stm32f4-hal/stm32f4xx_hal.o

.ARM.extab
 *(.ARM.extab* .gnu.linkonce.armextab.*)
                0x0000000008002028                . = ALIGN (0x4)
                0x0000000008002028                __exidx_start = .

.ARM.exidx
 *(.ARM.exidx* .gnu.linkonce.armexidx.*)
                0x0000000008002028                __exidx_end = .
                0x0000000008002028                . = ALIGN (0x4)
                0x0000000008002028                _etext = .
                0x0000000008002028                __etext = .

.data_CCMRAM    0x0000000010000000        0x0 load address 0x0000000008002028
 FILL mask 0xff
 *(.data.CCMRAM .data.CCMRAM.*)
                0x0000000010000000                . = ALIGN (0x4)
                0x0000000008002028                _sidata = LOADADDR (.data)

.data           0x0000000020000000       0x78 load address 0x0000000008002028
 FILL mask 0xff
                0x0000000020000000                _sdata = .
                0x0000000020000000                __data_start__ = .
 *(.data_begin .data_begin.*)
 .data_begin    0x0000000020000000        0x4 ./system/src/newlib/_startup.o
 *(.data .data.*)
 .data.argv.4743
                0x0000000020000004        0x8 ./system/src/newlib/_syscalls.o
 .data.SystemCoreClock
                0x000000002000000c        0x4 ./system/src/cmsis/system_stm32f4xx.o
                0x000000002000000c                SystemCoreClock
 .data._impure_ptr
                0x0000000020000010        0x4 /usr/bin/../lib/gcc/arm-none-eabi/6.3.1/../../../../arm-none-eabi/lib/thumb/v7e-m/libg_nano.a(lib_a-impure.o)
                0x0000000020000010                _impure_ptr
 .data.impure_data
                0x0000000020000014       0x60 /usr/bin/../lib/gcc/arm-none-eabi/6.3.1/../../../../arm-none-eabi/lib/thumb/v7e-m/libg_nano.a(lib_a-impure.o)
 *(.data_end .data_end.*)
 .data_end      0x0000000020000074        0x4 ./system/src/newlib/_startup.o
                0x0000000020000078                . = ALIGN (0x4)
                0x0000000020000078                _edata = .
                0x0000000020000078                __data_end__ = .

.igot.plt       0x0000000020000078        0x0 load address 0x00000000080020a0
 .igot.plt      0x0000000020000078        0x0 ./system/src/stm32f4-hal/stm32f4xx_hal.o

.bss_CCMRAM     0x0000000010000000        0x0
 *(.bss.CCMRAM .bss.CCMRAM.*)

.bss            0x0000000020000078       0xa0
                0x0000000020000078                __bss_start__ = .
                0x0000000020000078                _sbss = .
 *(.bss_begin .bss_begin.*)
 .bss_begin     0x0000000020000078        0x4 ./system/src/newlib/_startup.o
 *(.bss .bss.*)
 .bss.current_heap_end.4427
                0x000000002000007c        0x4 ./system/src/newlib/_sbrk.o
 .bss.name.4742
                0x0000000020000080        0x1 ./system/src/newlib/_syscalls.o
 *fill*         0x0000000020000081        0x3 
 .bss.buf.5632  0x0000000020000084       0x80 ./system/src/diag/Trace.o
 .bss.__malloc_free_list
                0x0000000020000104        0x4 /usr/bin/../lib/gcc/arm-none-eabi/6.3.1/../../../../arm-none-eabi/lib/thumb/v7e-m/libg_nano.a(lib_a-nano-mallocr.o)
                0x0000000020000104                __malloc_free_list
 .bss.__malloc_sbrk_start
                0x0000000020000108        0x4 /usr/bin/../lib/gcc/arm-none-eabi/6.3.1/../../../../arm-none-eabi/lib/thumb/v7e-m/libg_nano.a(lib_a-nano-mallocr.o)
                0x0000000020000108                __malloc_sbrk_start
 *(COMMON)
 COMMON         0x000000002000010c        0x4 ./system/src/stm32f4-hal/stm32f4xx_hal.o
                0x000000002000010c                uwTick
 COMMON         0x0000000020000110        0x4 ./system/src/newlib/_syscalls.o
                0x0000000020000110                errno
 *(.bss_end .bss_end.*)
 .bss_end       0x0000000020000114        0x4 ./system/src/newlib/_startup.o
                0x0000000020000118                . = ALIGN (0x4)
                0x0000000020000118                __bss_end__ = .
                0x0000000020000118                _ebss = .

.noinit_CCMRAM
 *(.noinit.CCMRAM .noinit.CCMRAM.*)

.noinit         0x0000000020000118        0x0
                0x0000000020000118                _noinit = .
 *(.noinit .noinit.*)
                0x0000000020000118                . = ALIGN (0x4)
                0x0000000020000118                _end_noinit = .
                [!provide]                        PROVIDE (end, _end_noinit)
                [!provide]                        PROVIDE (_end, _end_noinit)
                [!provide]                        PROVIDE (__end, _end_noinit)
                [!provide]                        PROVIDE (__end__, _end_noinit)

._check_stack   0x0000000020000118      0x100
                0x0000000020000218                . = (. + _Minimum_Stack_Size)
 *fill*         0x0000000020000118      0x100 

.b1text
 *(.b1text)
 *(.b1rodata)
 *(.b1rodata.*)

.eb0text
 *(.eb0text)
 *(.eb0rodata)
 *(.eb0rodata.*)

.eb1text
 *(.eb1text)
 *(.eb1rodata)
 *(.eb1rodata.*)

.eb2text
 *(.eb2text)
 *(.eb2rodata)
 *(.eb2rodata.*)

.eb3text
 *(.eb3text)
 *(.eb3rodata)
 *(.eb3rodata.*)

.stab
 *(.stab)

.stabstr
 *(.stabstr)

.stab.excl
 *(.stab.excl)

.stab.exclstr
 *(.stab.exclstr)

.stab.index
 *(.stab.index)

.stab.indexstr
 *(.stab.indexstr)

.comment        0x0000000000000000       0x7f
 *(.comment)
 .comment       0x0000000000000000       0x7f ./system/src/stm32f4-hal/stm32f4xx_hal.o
                                         0x80 (size before relaxing)
 .comment       0x000000000000007f       0x80 ./system/src/stm32f4-hal/stm32f4xx_hal_cortex.o
 .comment       0x000000000000007f       0x80 ./system/src/stm32f4-hal/stm32f4xx_hal_gpio.o
 .comment       0x000000000000007f       0x80 ./system/src/stm32f4-hal/stm32f4xx_hal_rcc.o
 .comment       0x000000000000007f       0x80 ./system/src/newlib/_exit.o
 .comment       0x000000000000007f       0x80 ./system/src/newlib/_sbrk.o
 .comment       0x000000000000007f       0x80 ./system/src/newlib/_startup.o
 .comment       0x000000000000007f       0x80 ./system/src/newlib/_syscalls.o
 .comment       0x000000000000007f       0x80 ./system/src/newlib/assert.o
 .comment       0x000000000000007f       0x80 ./system/src/diag/Trace.o
 .comment       0x000000000000007f       0x80 ./system/src/diag/trace_impl.o
 .comment       0x000000000000007f       0x80 ./system/src/cortexm/_initialize_hardware.o
 .comment       0x000000000000007f       0x80 ./system/src/cortexm/exception_handlers.o
 .comment       0x000000000000007f       0x80 ./system/src/cmsis/system_stm32f4xx.o
 .comment       0x000000000000007f       0x80 ./system/src/cmsis/vectors_stm32f407xx.o
 .comment       0x000000000000007f       0x80 ./src/main.o
 .comment       0x000000000000007f       0x80 ./src/stm32f4xx_it.o

.ARM.attributes
                0x0000000000000000       0x31
 .ARM.attributes
                0x0000000000000000       0x33 ./system/src/stm32f4-hal/stm32f4xx_hal.o
 .ARM.attributes
                0x0000000000000033       0x33 ./system/src/stm32f4-hal/stm32f4xx_hal_cortex.o
 .ARM.attributes
                0x0000000000000066       0x33 ./system/src/stm32f4-hal/stm32f4xx_hal_gpio.o
 .ARM.attributes
                0x0000000000000099       0x33 ./system/src/stm32f4-hal/stm32f4xx_hal_rcc.o
 .ARM.attributes
                0x00000000000000cc       0x33 ./system/src/newlib/_exit.o
 .ARM.attributes
                0x00000000000000ff       0x33 ./system/src/newlib/_sbrk.o
 .ARM.attributes
                0x0000000000000132       0x33 ./system/src/newlib/_startup.o
 .ARM.attributes
                0x0000000000000165       0x33 ./system/src/newlib/_syscalls.o
 .ARM.attributes
                0x0000000000000198       0x33 ./system/src/newlib/assert.o
 .ARM.attributes
                0x00000000000001cb       0x33 ./system/src/diag/Trace.o
 .ARM.attributes
                0x00000000000001fe       0x33 ./system/src/diag/trace_impl.o
 .ARM.attributes
                0x0000000000000231       0x33 ./system/src/cortexm/_initialize_hardware.o
 .ARM.attributes
                0x0000000000000264       0x33 ./system/src/cortexm/exception_handlers.o
 .ARM.attributes
                0x0000000000000297       0x33 ./system/src/cmsis/system_stm32f4xx.o
 .ARM.attributes
                0x00000000000002ca       0x33 ./system/src/cmsis/vectors_stm32f407xx.o
 .ARM.attributes
                0x00000000000002fd       0x33 ./src/main.o
 .ARM.attributes
                0x0000000000000330       0x33 ./src/stm32f4xx_it.o
 .ARM.attributes
                0x0000000000000363       0x2e /usr/bin/../lib/gcc/arm-none-eabi/6.3.1/../../../../arm-none-eabi/lib/thumb/v7e-m/libg_nano.a(lib_a-errno.o)
 .ARM.attributes
                0x0000000000000391       0x2e /usr/bin/../lib/gcc/arm-none-eabi/6.3.1/../../../../arm-none-eabi/lib/thumb/v7e-m/libg_nano.a(lib_a-impure.o)
 .ARM.attributes
                0x00000000000003bf       0x17 /usr/bin/../lib/gcc/arm-none-eabi/6.3.1/../../../../arm-none-eabi/lib/thumb/v7e-m/libg_nano.a(lib_a-strlen.o)
 .ARM.attributes
                0x00000000000003d6       0x2e /usr/bin/../lib/gcc/arm-none-eabi/6.3.1/../../../../arm-none-eabi/lib/thumb/v7e-m/libg_nano.a(lib_a-vsnprintf.o)
 .ARM.attributes
                0x0000000000000404       0x2e /usr/bin/../lib/gcc/arm-none-eabi/6.3.1/../../../../arm-none-eabi/lib/thumb/v7e-m/libg_nano.a(lib_a-nano-svfprintf.o)
 .ARM.attributes
                0x0000000000000432       0x2e /usr/bin/../lib/gcc/arm-none-eabi/6.3.1/../../../../arm-none-eabi/lib/thumb/v7e-m/libg_nano.a(lib_a-nano-vfprintf_i.o)
 .ARM.attributes
                0x0000000000000460       0x1c /usr/bin/../lib/gcc/arm-none-eabi/6.3.1/../../../../arm-none-eabi/lib/thumb/v7e-m/libg_nano.a(lib_a-memchr.o)
 .ARM.attributes
                0x000000000000047c       0x2e /usr/bin/../lib/gcc/arm-none-eabi/6.3.1/../../../../arm-none-eabi/lib/thumb/v7e-m/libg_nano.a(lib_a-memcpy-stub.o)
 .ARM.attributes
                0x00000000000004aa       0x2e /usr/bin/../lib/gcc/arm-none-eabi/6.3.1/../../../../arm-none-eabi/lib/thumb/v7e-m/libg_nano.a(lib_a-memmove.o)
 .ARM.attributes
                0x00000000000004d8       0x2e /usr/bin/../lib/gcc/arm-none-eabi/6.3.1/../../../../arm-none-eabi/lib/thumb/v7e-m/libg_nano.a(lib_a-nano-freer.o)
 .ARM.attributes
                0x0000000000000506       0x2e /usr/bin/../lib/gcc/arm-none-eabi/6.3.1/../../../../arm-none-eabi/lib/thumb/v7e-m/libg_nano.a(lib_a-nano-mallocr.o)
 .ARM.attributes
                0x0000000000000534       0x2e /usr/bin/../lib/gcc/arm-none-eabi/6.3.1/../../../../arm-none-eabi/lib/thumb/v7e-m/libg_nano.a(lib_a-nano-reallocr.o)
 .ARM.attributes
                0x0000000000000562       0x2e /usr/bin/../lib/gcc/arm-none-eabi/6.3.1/../../../../arm-none-eabi/lib/thumb/v7e-m/libg_nano.a(lib_a-sbrkr.o)
 .ARM.attributes
                0x0000000000000590       0x2e /usr/bin/../lib/gcc/arm-none-eabi/6.3.1/../../../../arm-none-eabi/lib/thumb/v7e-m/libg_nano.a(lib_a-mlock.o)
 .ARM.attributes
                0x00000000000005be       0x2e /usr/bin/../lib/gcc/arm-none-eabi/6.3.1/../../../../arm-none-eabi/lib/thumb/v7e-m/libg_nano.a(lib_a-nano-msizer.o)

.debug
 *(.debug)

.line
 *(.line)

.debug_srcinfo
 *(.debug_srcinfo)

.debug_sfnames
 *(.debug_sfnames)

.debug_aranges  0x0000000000000000      0x5b0
 *(.debug_aranges)
 .debug_aranges
                0x0000000000000000       0xc0 ./system/src/stm32f4-hal/stm32f4xx_hal.o
 .debug_aranges
                0x00000000000000c0       0x98 ./system/src/stm32f4-hal/stm32f4xx_hal_cortex.o
 .debug_aranges
                0x0000000000000158       0x58 ./system/src/stm32f4-hal/stm32f4xx_hal_gpio.o
 .debug_aranges
                0x00000000000001b0       0x88 ./system/src/stm32f4-hal/stm32f4xx_hal_rcc.o
 .debug_aranges
                0x0000000000000238       0x28 ./system/src/newlib/_exit.o
 .debug_aranges
                0x0000000000000260       0x20 ./system/src/newlib/_sbrk.o
 .debug_aranges
                0x0000000000000280       0x40 ./system/src/newlib/_startup.o
 .debug_aranges
                0x00000000000002c0       0xd0 ./system/src/newlib/_syscalls.o
 .debug_aranges
                0x0000000000000390       0x28 ./system/src/newlib/assert.o
 .debug_aranges
                0x00000000000003b8       0x38 ./system/src/diag/Trace.o
 .debug_aranges
                0x00000000000003f0       0x30 ./system/src/diag/trace_impl.o
 .debug_aranges
                0x0000000000000420       0x28 ./system/src/cortexm/_initialize_hardware.o
 .debug_aranges
                0x0000000000000448       0x90 ./system/src/cortexm/exception_handlers.o
 .debug_aranges
                0x00000000000004d8       0x28 ./system/src/cmsis/system_stm32f4xx.o
 .debug_aranges
                0x0000000000000500       0x20 ./system/src/cmsis/vectors_stm32f407xx.o
 .debug_aranges
                0x0000000000000520       0x30 ./src/main.o
 .debug_aranges
                0x0000000000000550       0x60 ./src/stm32f4xx_it.o

.debug_pubnames
 *(.debug_pubnames)

.debug_info     0x0000000000000000     0xe6a2
 *(.debug_info .gnu.linkonce.wi.*)
 .debug_info    0x0000000000000000     0x110a ./system/src/stm32f4-hal/stm32f4xx_hal.o
 .debug_info    0x000000000000110a     0x192a ./system/src/stm32f4-hal/stm32f4xx_hal_cortex.o
 .debug_info    0x0000000000002a34     0x10be ./system/src/stm32f4-hal/stm32f4xx_hal_gpio.o
 .debug_info    0x0000000000003af2     0x1784 ./system/src/stm32f4-hal/stm32f4xx_hal_rcc.o
 .debug_info    0x0000000000005276      0x95d ./system/src/newlib/_exit.o
 .debug_info    0x0000000000005bd3      0x949 ./system/src/newlib/_sbrk.o
 .debug_info    0x000000000000651c      0x4d5 ./system/src/newlib/_startup.o
 .debug_info    0x00000000000069f1     0x11cb ./system/src/newlib/_syscalls.o
 .debug_info    0x0000000000007bbc      0xa1c ./system/src/newlib/assert.o
 .debug_info    0x00000000000085d8      0xb31 ./system/src/diag/Trace.o
 .debug_info    0x0000000000009109      0xb8b ./system/src/diag/trace_impl.o
 .debug_info    0x0000000000009c94      0xb06 ./system/src/cortexm/_initialize_hardware.o
 .debug_info    0x000000000000a79a     0x118c ./system/src/cortexm/exception_handlers.o
 .debug_info    0x000000000000b926      0xcfc ./system/src/cmsis/system_stm32f4xx.o
 .debug_info    0x000000000000c622       0xd1 ./system/src/cmsis/vectors_stm32f407xx.o
 .debug_info    0x000000000000c6f3     0x1615 ./src/main.o
 .debug_info    0x000000000000dd08      0x99a ./src/stm32f4xx_it.o

.debug_abbrev   0x0000000000000000     0x29fa
 *(.debug_abbrev)
 .debug_abbrev  0x0000000000000000      0x329 ./system/src/stm32f4-hal/stm32f4xx_hal.o
 .debug_abbrev  0x0000000000000329      0x3ef ./system/src/stm32f4-hal/stm32f4xx_hal_cortex.o
 .debug_abbrev  0x0000000000000718      0x2dc ./system/src/stm32f4-hal/stm32f4xx_hal_gpio.o
 .debug_abbrev  0x00000000000009f4      0x392 ./system/src/stm32f4-hal/stm32f4xx_hal_rcc.o
 .debug_abbrev  0x0000000000000d86      0x1f3 ./system/src/newlib/_exit.o
 .debug_abbrev  0x0000000000000f79      0x1fc ./system/src/newlib/_sbrk.o
 .debug_abbrev  0x0000000000001175      0x1c4 ./system/src/newlib/_startup.o
 .debug_abbrev  0x0000000000001339      0x28c ./system/src/newlib/_syscalls.o
 .debug_abbrev  0x00000000000015c5      0x1f3 ./system/src/newlib/assert.o
 .debug_abbrev  0x00000000000017b8      0x276 ./system/src/diag/Trace.o
 .debug_abbrev  0x0000000000001a2e      0x2ef ./system/src/diag/trace_impl.o
 .debug_abbrev  0x0000000000001d1d      0x1de ./system/src/cortexm/_initialize_hardware.o
 .debug_abbrev  0x0000000000001efb      0x329 ./system/src/cortexm/exception_handlers.o
 .debug_abbrev  0x0000000000002224      0x216 ./system/src/cmsis/system_stm32f4xx.o
 .debug_abbrev  0x000000000000243a       0x9d ./system/src/cmsis/vectors_stm32f407xx.o
 .debug_abbrev  0x00000000000024d7      0x33c ./src/main.o
 .debug_abbrev  0x0000000000002813      0x1e7 ./src/stm32f4xx_it.o

.debug_line     0x0000000000000000     0x5343
 *(.debug_line)
 .debug_line    0x0000000000000000      0x662 ./system/src/stm32f4-hal/stm32f4xx_hal.o
 .debug_line    0x0000000000000662      0x762 ./system/src/stm32f4-hal/stm32f4xx_hal_cortex.o
 .debug_line    0x0000000000000dc4      0x78f ./system/src/stm32f4-hal/stm32f4xx_hal_gpio.o
 .debug_line    0x0000000000001553      0x8e3 ./system/src/stm32f4-hal/stm32f4xx_hal_rcc.o
 .debug_line    0x0000000000001e36      0x280 ./system/src/newlib/_exit.o
 .debug_line    0x00000000000020b6      0x234 ./system/src/newlib/_sbrk.o
 .debug_line    0x00000000000022ea      0x305 ./system/src/newlib/_startup.o
 .debug_line    0x00000000000025ef      0x480 ./system/src/newlib/_syscalls.o
 .debug_line    0x0000000000002a6f      0x2c4 ./system/src/newlib/assert.o
 .debug_line    0x0000000000002d33      0x2ee ./system/src/diag/Trace.o
 .debug_line    0x0000000000003021      0x59e ./system/src/diag/trace_impl.o
 .debug_line    0x00000000000035bf      0x506 ./system/src/cortexm/_initialize_hardware.o
 .debug_line    0x0000000000003ac5      0x649 ./system/src/cortexm/exception_handlers.o
 .debug_line    0x000000000000410e      0x50e ./system/src/cmsis/system_stm32f4xx.o
 .debug_line    0x000000000000461c      0x17b ./system/src/cmsis/vectors_stm32f407xx.o
 .debug_line    0x0000000000004797      0x64d ./src/main.o
 .debug_line    0x0000000000004de4      0x55f ./src/stm32f4xx_it.o

.debug_frame    0x0000000000000000      0xf34
 *(.debug_frame)
 .debug_frame   0x0000000000000000      0x188 ./system/src/stm32f4-hal/stm32f4xx_hal.o
 .debug_frame   0x0000000000000188      0x17c ./system/src/stm32f4-hal/stm32f4xx_hal_cortex.o
 .debug_frame   0x0000000000000304       0xfc ./system/src/stm32f4-hal/stm32f4xx_hal_gpio.o
 .debug_frame   0x0000000000000400      0x140 ./system/src/stm32f4-hal/stm32f4xx_hal_rcc.o
 .debug_frame   0x0000000000000540       0x38 ./system/src/newlib/_exit.o
 .debug_frame   0x0000000000000578       0x28 ./system/src/newlib/_sbrk.o
 .debug_frame   0x00000000000005a0       0x7c ./system/src/newlib/_startup.o
 .debug_frame   0x000000000000061c      0x230 ./system/src/newlib/_syscalls.o
 .debug_frame   0x000000000000084c       0x40 ./system/src/newlib/assert.o
 .debug_frame   0x000000000000088c       0x94 ./system/src/diag/Trace.o
 .debug_frame   0x0000000000000920       0x64 ./system/src/diag/trace_impl.o
 .debug_frame   0x0000000000000984       0x40 ./system/src/cortexm/_initialize_hardware.o
 .debug_frame   0x00000000000009c4      0x158 ./system/src/cortexm/exception_handlers.o
 .debug_frame   0x0000000000000b1c       0x30 ./system/src/cmsis/system_stm32f4xx.o
 .debug_frame   0x0000000000000b4c       0x20 ./system/src/cmsis/vectors_stm32f407xx.o
 .debug_frame   0x0000000000000b6c       0x58 ./src/main.o
 .debug_frame   0x0000000000000bc4       0xa8 ./src/stm32f4xx_it.o
 .debug_frame   0x0000000000000c6c       0x20 /usr/bin/../lib/gcc/arm-none-eabi/6.3.1/../../../../arm-none-eabi/lib/thumb/v7e-m/libg_nano.a(lib_a-errno.o)
 .debug_frame   0x0000000000000c8c       0x4c /usr/bin/../lib/gcc/arm-none-eabi/6.3.1/../../../../arm-none-eabi/lib/thumb/v7e-m/libg_nano.a(lib_a-vsnprintf.o)
 .debug_frame   0x0000000000000cd8       0x90 /usr/bin/../lib/gcc/arm-none-eabi/6.3.1/../../../../arm-none-eabi/lib/thumb/v7e-m/libg_nano.a(lib_a-nano-svfprintf.o)
 .debug_frame   0x0000000000000d68       0x60 /usr/bin/../lib/gcc/arm-none-eabi/6.3.1/../../../../arm-none-eabi/lib/thumb/v7e-m/libg_nano.a(lib_a-nano-vfprintf_i.o)
 .debug_frame   0x0000000000000dc8       0x28 /usr/bin/../lib/gcc/arm-none-eabi/6.3.1/../../../../arm-none-eabi/lib/thumb/v7e-m/libg_nano.a(lib_a-memcpy-stub.o)
 .debug_frame   0x0000000000000df0       0x28 /usr/bin/../lib/gcc/arm-none-eabi/6.3.1/../../../../arm-none-eabi/lib/thumb/v7e-m/libg_nano.a(lib_a-memmove.o)
 .debug_frame   0x0000000000000e18       0x38 /usr/bin/../lib/gcc/arm-none-eabi/6.3.1/../../../../arm-none-eabi/lib/thumb/v7e-m/libg_nano.a(lib_a-nano-freer.o)
 .debug_frame   0x0000000000000e50       0x2c /usr/bin/../lib/gcc/arm-none-eabi/6.3.1/../../../../arm-none-eabi/lib/thumb/v7e-m/libg_nano.a(lib_a-nano-mallocr.o)
 .debug_frame   0x0000000000000e7c       0x3c /usr/bin/../lib/gcc/arm-none-eabi/6.3.1/../../../../arm-none-eabi/lib/thumb/v7e-m/libg_nano.a(lib_a-nano-reallocr.o)
 .debug_frame   0x0000000000000eb8       0x2c /usr/bin/../lib/gcc/arm-none-eabi/6.3.1/../../../../arm-none-eabi/lib/thumb/v7e-m/libg_nano.a(lib_a-sbrkr.o)
 .debug_frame   0x0000000000000ee4       0x30 /usr/bin/../lib/gcc/arm-none-eabi/6.3.1/../../../../arm-none-eabi/lib/thumb/v7e-m/libg_nano.a(lib_a-mlock.o)
 .debug_frame   0x0000000000000f14       0x20 /usr/bin/../lib/gcc/arm-none-eabi/6.3.1/../../../../arm-none-eabi/lib/thumb/v7e-m/libg_nano.a(lib_a-nano-msizer.o)

.debug_str      0x0000000000000000    0x6b8e3
 *(.debug_str)
 .debug_str     0x0000000000000000    0x65fb3 ./system/src/stm32f4-hal/stm32f4xx_hal.o
                                      0x66406 (size before relaxing)
 .debug_str     0x0000000000065fb3      0x3a1 ./system/src/stm32f4-hal/stm32f4xx_hal_cortex.o
                                      0x66297 (size before relaxing)
 .debug_str     0x0000000000066354      0x2bf ./system/src/stm32f4-hal/stm32f4xx_hal_gpio.o
                                      0x65ca8 (size before relaxing)
 .debug_str     0x0000000000066613      0x34e ./system/src/stm32f4-hal/stm32f4xx_hal_rcc.o
                                      0x65e36 (size before relaxing)
 .debug_str     0x0000000000066961     0x10ff ./system/src/newlib/_exit.o
                                       0x7545 (size before relaxing)
 .debug_str     0x0000000000067a60      0x4ed ./system/src/newlib/_sbrk.o
                                       0x68f7 (size before relaxing)
 .debug_str     0x0000000000067f4d      0x2c6 ./system/src/newlib/_startup.o
                                       0x60c6 (size before relaxing)
 .debug_str     0x0000000000068213     0x1031 ./system/src/newlib/_syscalls.o
                                       0x7a05 (size before relaxing)
 .debug_str     0x0000000000069244       0xd0 ./system/src/newlib/assert.o
                                       0x7ffb (size before relaxing)
 .debug_str     0x0000000000069314      0x169 ./system/src/diag/Trace.o
                                       0x7d27 (size before relaxing)
 .debug_str     0x000000000006947d      0x37b ./system/src/diag/trace_impl.o
                                      0x66bb0 (size before relaxing)
 .debug_str     0x00000000000697f8       0x5e ./system/src/cortexm/_initialize_hardware.o
                                      0x6594c (size before relaxing)
 .debug_str     0x0000000000069856      0x19d ./system/src/cortexm/exception_handlers.o
                                      0x66d42 (size before relaxing)
 .debug_str     0x00000000000699f3       0x46 ./system/src/cmsis/system_stm32f4xx.o
                                      0x65a1b (size before relaxing)
 .debug_str     0x0000000000069a39       0x59 ./system/src/cmsis/vectors_stm32f407xx.o
                                       0x3534 (size before relaxing)
 .debug_str     0x0000000000069a92     0x1e29 ./src/main.o
                                      0x6885e (size before relaxing)
 .debug_str     0x000000000006b8bb       0x28 ./src/stm32f4xx_it.o
                                      0x658f7 (size before relaxing)

.debug_loc      0x0000000000000000     0x21e8
 *(.debug_loc)
 .debug_loc     0x0000000000000000       0x92 ./system/src/stm32f4-hal/stm32f4xx_hal.o
 .debug_loc     0x0000000000000092      0x73b ./system/src/stm32f4-hal/stm32f4xx_hal_cortex.o
 .debug_loc     0x00000000000007cd      0x593 ./system/src/stm32f4-hal/stm32f4xx_hal_gpio.o
 .debug_loc     0x0000000000000d60      0x4cd ./system/src/stm32f4-hal/stm32f4xx_hal_rcc.o
 .debug_loc     0x000000000000122d       0x85 ./system/src/newlib/_sbrk.o
 .debug_loc     0x00000000000012b2      0x2d3 ./system/src/newlib/_startup.o
 .debug_loc     0x0000000000001585      0x549 ./system/src/newlib/_syscalls.o
 .debug_loc     0x0000000000001ace      0x134 ./system/src/newlib/assert.o
 .debug_loc     0x0000000000001c02       0xf6 ./system/src/diag/Trace.o
 .debug_loc     0x0000000000001cf8      0x121 ./system/src/diag/trace_impl.o
 .debug_loc     0x0000000000001e19      0x291 ./system/src/cortexm/exception_handlers.o
 .debug_loc     0x00000000000020aa      0x13e ./system/src/cmsis/system_stm32f4xx.o

.debug_macinfo
 *(.debug_macinfo)

.debug_weaknames
 *(.debug_weaknames)

.debug_funcnames
 *(.debug_funcnames)

.debug_typenames
 *(.debug_typenames)

.debug_varnames
 *(.debug_varnames)
OUTPUT(blink.elf elf32-littlearm)

.debug_ranges   0x0000000000000000      0x578
 .debug_ranges  0x0000000000000000       0xb0 ./system/src/stm32f4-hal/stm32f4xx_hal.o
 .debug_ranges  0x00000000000000b0       0xe8 ./system/src/stm32f4-hal/stm32f4xx_hal_cortex.o
 .debug_ranges  0x0000000000000198       0x48 ./system/src/stm32f4-hal/stm32f4xx_hal_gpio.o
 .debug_ranges  0x00000000000001e0       0x78 ./system/src/stm32f4-hal/stm32f4xx_hal_rcc.o
 .debug_ranges  0x0000000000000258       0x18 ./system/src/newlib/_exit.o
 .debug_ranges  0x0000000000000270       0x10 ./system/src/newlib/_sbrk.o
 .debug_ranges  0x0000000000000280       0x90 ./system/src/newlib/_startup.o
 .debug_ranges  0x0000000000000310       0xc0 ./system/src/newlib/_syscalls.o
 .debug_ranges  0x00000000000003d0       0x18 ./system/src/newlib/assert.o
 .debug_ranges  0x00000000000003e8       0x28 ./system/src/diag/Trace.o
 .debug_ranges  0x0000000000000410       0x38 ./system/src/diag/trace_impl.o
 .debug_ranges  0x0000000000000448       0x18 ./system/src/cortexm/_initialize_hardware.o
 .debug_ranges  0x0000000000000460       0x80 ./system/src/cortexm/exception_handlers.o
 .debug_ranges  0x00000000000004e0       0x18 ./system/src/cmsis/system_stm32f4xx.o
 .debug_ranges  0x00000000000004f8       0x10 ./system/src/cmsis/vectors_stm32f407xx.o
 .debug_ranges  0x0000000000000508       0x20 ./src/main.o
 .debug_ranges  0x0000000000000528       0x50 ./src/stm32f4xx_it.o

.debug_macro    0x0000000000000000    0x162a6
 .debug_macro   0x0000000000000000      0x335 ./system/src/stm32f4-hal/stm32f4xx_hal.o
 .debug_macro   0x0000000000000335      0x8c8 ./system/src/stm32f4-hal/stm32f4xx_hal.o
 .debug_macro   0x0000000000000bfd      0x1a4 ./system/src/stm32f4-hal/stm32f4xx_hal.o
 .debug_macro   0x0000000000000da1       0x31 ./system/src/stm32f4-hal/stm32f4xx_hal.o
 .debug_macro   0x0000000000000dd2       0x28 ./system/src/stm32f4-hal/stm32f4xx_hal.o
 .debug_macro   0x0000000000000dfa       0x22 ./system/src/stm32f4-hal/stm32f4xx_hal.o
 .debug_macro   0x0000000000000e1c       0x87 ./system/src/stm32f4-hal/stm32f4xx_hal.o
 .debug_macro   0x0000000000000ea3       0x51 ./system/src/stm32f4-hal/stm32f4xx_hal.o
 .debug_macro   0x0000000000000ef4       0xef ./system/src/stm32f4-hal/stm32f4xx_hal.o
 .debug_macro   0x0000000000000fe3       0x6a ./system/src/stm32f4-hal/stm32f4xx_hal.o
 .debug_macro   0x000000000000104d      0x1df ./system/src/stm32f4-hal/stm32f4xx_hal.o
 .debug_macro   0x000000000000122c       0x35 ./system/src/stm32f4-hal/stm32f4xx_hal.o
 .debug_macro   0x0000000000001261       0x50 ./system/src/stm32f4-hal/stm32f4xx_hal.o
 .debug_macro   0x00000000000012b1      0xe66 ./system/src/stm32f4-hal/stm32f4xx_hal.o
 .debug_macro   0x0000000000002117     0x93f9 ./system/src/stm32f4-hal/stm32f4xx_hal.o
 .debug_macro   0x000000000000b510       0x43 ./system/src/stm32f4-hal/stm32f4xx_hal.o
 .debug_macro   0x000000000000b553     0x347f ./system/src/stm32f4-hal/stm32f4xx_hal.o
 .debug_macro   0x000000000000e9d2       0x58 ./system/src/stm32f4-hal/stm32f4xx_hal.o
 .debug_macro   0x000000000000ea2a       0x35 ./system/src/stm32f4-hal/stm32f4xx_hal.o
 .debug_macro   0x000000000000ea5f       0x9c ./system/src/stm32f4-hal/stm32f4xx_hal.o
 .debug_macro   0x000000000000eafb       0x16 ./system/src/stm32f4-hal/stm32f4xx_hal.o
 .debug_macro   0x000000000000eb11       0x97 ./system/src/stm32f4-hal/stm32f4xx_hal.o
 .debug_macro   0x000000000000eba8      0x330 ./system/src/stm32f4-hal/stm32f4xx_hal.o
 .debug_macro   0x000000000000eed8       0xfd ./system/src/stm32f4-hal/stm32f4xx_hal.o
 .debug_macro   0x000000000000efd5       0x10 ./system/src/stm32f4-hal/stm32f4xx_hal.o
 .debug_macro   0x000000000000efe5       0x58 ./system/src/stm32f4-hal/stm32f4xx_hal.o
 .debug_macro   0x000000000000f03d       0x1f ./system/src/stm32f4-hal/stm32f4xx_hal.o
 .debug_macro   0x000000000000f05c       0x43 ./system/src/stm32f4-hal/stm32f4xx_hal.o
 .debug_macro   0x000000000000f09f       0x20 ./system/src/stm32f4-hal/stm32f4xx_hal.o
 .debug_macro   0x000000000000f0bf      0x187 ./system/src/stm32f4-hal/stm32f4xx_hal.o
 .debug_macro   0x000000000000f246       0x10 ./system/src/stm32f4-hal/stm32f4xx_hal.o
 .debug_macro   0x000000000000f256       0x1c ./system/src/stm32f4-hal/stm32f4xx_hal.o
 .debug_macro   0x000000000000f272       0x52 ./system/src/stm32f4-hal/stm32f4xx_hal.o
 .debug_macro   0x000000000000f2c4       0x40 ./system/src/stm32f4-hal/stm32f4xx_hal.o
 .debug_macro   0x000000000000f304       0x10 ./system/src/stm32f4-hal/stm32f4xx_hal.o
 .debug_macro   0x000000000000f314       0x40 ./system/src/stm32f4-hal/stm32f4xx_hal.o
 .debug_macro   0x000000000000f354       0xd7 ./system/src/stm32f4-hal/stm32f4xx_hal.o
 .debug_macro   0x000000000000f42b       0x16 ./system/src/stm32f4-hal/stm32f4xx_hal.o
 .debug_macro   0x000000000000f441      0x18b ./system/src/stm32f4-hal/stm32f4xx_hal.o
 .debug_macro   0x000000000000f5cc       0x57 ./system/src/stm32f4-hal/stm32f4xx_hal.o
 .debug_macro   0x000000000000f623      0x964 ./system/src/stm32f4-hal/stm32f4xx_hal.o
 .debug_macro   0x000000000000ff87      0x9e1 ./system/src/stm32f4-hal/stm32f4xx_hal.o
 .debug_macro   0x0000000000010968      0x11e ./system/src/stm32f4-hal/stm32f4xx_hal.o
 .debug_macro   0x0000000000010a86      0x13e ./system/src/stm32f4-hal/stm32f4xx_hal.o
 .debug_macro   0x0000000000010bc4       0x27 ./system/src/stm32f4-hal/stm32f4xx_hal.o
 .debug_macro   0x0000000000010beb      0x287 ./system/src/stm32f4-hal/stm32f4xx_hal.o
 .debug_macro   0x0000000000010e72       0x5f ./system/src/stm32f4-hal/stm32f4xx_hal.o
 .debug_macro   0x0000000000010ed1      0x23a ./system/src/stm32f4-hal/stm32f4xx_hal.o
 .debug_macro   0x000000000001110b      0x13a ./system/src/stm32f4-hal/stm32f4xx_hal.o
 .debug_macro   0x0000000000011245      0x21e ./system/src/stm32f4-hal/stm32f4xx_hal.o
 .debug_macro   0x0000000000011463       0x2e ./system/src/stm32f4-hal/stm32f4xx_hal.o
 .debug_macro   0x0000000000011491      0x11e ./system/src/stm32f4-hal/stm32f4xx_hal.o
 .debug_macro   0x00000000000115af       0x7f ./system/src/stm32f4-hal/stm32f4xx_hal.o
 .debug_macro   0x000000000001162e       0x89 ./system/src/stm32f4-hal/stm32f4xx_hal.o
 .debug_macro   0x00000000000116b7      0x125 ./system/src/stm32f4-hal/stm32f4xx_hal.o
 .debug_macro   0x00000000000117dc      0x2e7 ./system/src/stm32f4-hal/stm32f4xx_hal_cortex.o
 .debug_macro   0x0000000000011ac3      0x31f ./system/src/stm32f4-hal/stm32f4xx_hal_gpio.o
 .debug_macro   0x0000000000011de2      0x311 ./system/src/stm32f4-hal/stm32f4xx_hal_rcc.o
 .debug_macro   0x00000000000120f3      0x1a7 ./system/src/newlib/_exit.o
 .debug_macro   0x000000000001229a      0x10e ./system/src/newlib/_exit.o
 .debug_macro   0x00000000000123a8       0x8d ./system/src/newlib/_exit.o
 .debug_macro   0x0000000000012435       0x35 ./system/src/newlib/_exit.o
 .debug_macro   0x000000000001246a      0x15c ./system/src/newlib/_sbrk.o
 .debug_macro   0x00000000000125c6      0x174 ./system/src/newlib/_sbrk.o
 .debug_macro   0x000000000001273a       0x10 ./system/src/newlib/_sbrk.o
 .debug_macro   0x000000000001274a      0x23b ./system/src/newlib/_sbrk.o
 .debug_macro   0x0000000000012985      0x17b ./system/src/newlib/_startup.o
 .debug_macro   0x0000000000012b00      0x8ce ./system/src/newlib/_startup.o
 .debug_macro   0x00000000000133ce      0x20a ./system/src/newlib/_syscalls.o
 .debug_macro   0x00000000000135d8       0x1c ./system/src/newlib/_syscalls.o
 .debug_macro   0x00000000000135f4       0x10 ./system/src/newlib/_syscalls.o
 .debug_macro   0x0000000000013604       0x10 ./system/src/newlib/_syscalls.o
 .debug_macro   0x0000000000013614       0x10 ./system/src/newlib/_syscalls.o
 .debug_macro   0x0000000000013624       0x35 ./system/src/newlib/_syscalls.o
 .debug_macro   0x0000000000013659      0x122 ./system/src/newlib/_syscalls.o
 .debug_macro   0x000000000001377b       0x88 ./system/src/newlib/_syscalls.o
 .debug_macro   0x0000000000013803       0x2b ./system/src/newlib/_syscalls.o
 .debug_macro   0x000000000001382e      0x118 ./system/src/newlib/_syscalls.o
 .debug_macro   0x0000000000013946      0x159 ./system/src/newlib/_syscalls.o
 .debug_macro   0x0000000000013a9f       0x16 ./system/src/newlib/_syscalls.o
 .debug_macro   0x0000000000013ab5      0x1d2 ./system/src/newlib/assert.o
 .debug_macro   0x0000000000013c87       0x1c ./system/src/newlib/assert.o
 .debug_macro   0x0000000000013ca3      0x1e4 ./system/src/diag/Trace.o
 .debug_macro   0x0000000000013e87       0x4c ./system/src/diag/Trace.o
 .debug_macro   0x0000000000013ed3       0x16 ./system/src/diag/Trace.o
 .debug_macro   0x0000000000013ee9      0x32d ./system/src/diag/trace_impl.o
 .debug_macro   0x0000000000014216       0x22 ./system/src/diag/trace_impl.o
 .debug_macro   0x0000000000014238      0x2f1 ./system/src/cortexm/_initialize_hardware.o
 .debug_macro   0x0000000000014529      0x350 ./system/src/cortexm/exception_handlers.o
 .debug_macro   0x0000000000014879       0x3b ./system/src/cortexm/exception_handlers.o
 .debug_macro   0x00000000000148b4      0x2ed ./system/src/cmsis/system_stm32f4xx.o
 .debug_macro   0x0000000000014ba1       0x73 ./system/src/cmsis/vectors_stm32f407xx.o
 .debug_macro   0x0000000000014c14      0x380 ./src/main.o
 .debug_macro   0x0000000000014f94       0x97 ./src/main.o
 .debug_macro   0x000000000001502b      0x104 ./src/main.o
 .debug_macro   0x000000000001512f       0x1c ./src/main.o
 .debug_macro   0x000000000001514b      0xe66 ./src/main.o
 .debug_macro   0x0000000000015fb1      0x2f5 ./src/stm32f4xx_it.o
