Archive member included to satisfy reference by file (symbol)

/usr/bin/../lib/gcc/arm-none-eabi/6.3.1/../../../../arm-none-eabi/lib/thumb/v7e-m/libg_nano.a(lib_a-errno.o)
                              ./system/src/newlib/_sbrk.o (__errno)
/usr/bin/../lib/gcc/arm-none-eabi/6.3.1/../../../../arm-none-eabi/lib/thumb/v7e-m/libg_nano.a(lib_a-impure.o)
                              /usr/bin/../lib/gcc/arm-none-eabi/6.3.1/../../../../arm-none-eabi/lib/thumb/v7e-m/libg_nano.a(lib_a-errno.o) (_impure_ptr)

Allocating common symbols
Common symbol       size              file

errno               0x4               ./system/src/newlib/_syscalls.o
uwTick              0x4               ./system/src/stm32f4-hal/stm32f4xx_hal.o
pFlash              0x20              ./system/src/stm32f4-hal/stm32f4xx_hal_flash.o

Discarded input sections

 .text          0x0000000000000000        0x0 ./system/src/stm32f4-hal/stm32f4xx_hal.o
 .data          0x0000000000000000        0x0 ./system/src/stm32f4-hal/stm32f4xx_hal.o
 .bss           0x0000000000000000        0x0 ./system/src/stm32f4-hal/stm32f4xx_hal.o
 .text.HAL_MspDeInit
                0x0000000000000000        0x2 ./system/src/stm32f4-hal/stm32f4xx_hal.o
 .text.HAL_DeInit
                0x0000000000000000       0x2c ./system/src/stm32f4-hal/stm32f4xx_hal.o
 .text.HAL_SuspendTick
                0x0000000000000000       0x10 ./system/src/stm32f4-hal/stm32f4xx_hal.o
 .text.HAL_ResumeTick
                0x0000000000000000       0x10 ./system/src/stm32f4-hal/stm32f4xx_hal.o
 .text.HAL_GetHalVersion
                0x0000000000000000        0x8 ./system/src/stm32f4-hal/stm32f4xx_hal.o
 .text.HAL_GetDEVID
                0x0000000000000000       0x10 ./system/src/stm32f4-hal/stm32f4xx_hal.o
 .text.HAL_DBGMCU_EnableDBGSleepMode
                0x0000000000000000       0x10 ./system/src/stm32f4-hal/stm32f4xx_hal.o
 .text.HAL_DBGMCU_DisableDBGSleepMode
                0x0000000000000000       0x10 ./system/src/stm32f4-hal/stm32f4xx_hal.o
 .text.HAL_DBGMCU_EnableDBGStopMode
                0x0000000000000000       0x10 ./system/src/stm32f4-hal/stm32f4xx_hal.o
 .text.HAL_DBGMCU_DisableDBGStopMode
                0x0000000000000000       0x10 ./system/src/stm32f4-hal/stm32f4xx_hal.o
 .text.HAL_DBGMCU_EnableDBGStandbyMode
                0x0000000000000000       0x10 ./system/src/stm32f4-hal/stm32f4xx_hal.o
 .text.HAL_DBGMCU_DisableDBGStandbyMode
                0x0000000000000000       0x10 ./system/src/stm32f4-hal/stm32f4xx_hal.o
 .text.HAL_EnableCompensationCell
                0x0000000000000000       0x18 ./system/src/stm32f4-hal/stm32f4xx_hal.o
 .text.HAL_DisableCompensationCell
                0x0000000000000000       0x1c ./system/src/stm32f4-hal/stm32f4xx_hal.o
 .text          0x0000000000000000        0x0 ./system/src/stm32f4-hal/stm32f4xx_hal_cortex.o
 .data          0x0000000000000000        0x0 ./system/src/stm32f4-hal/stm32f4xx_hal_cortex.o
 .bss           0x0000000000000000        0x0 ./system/src/stm32f4-hal/stm32f4xx_hal_cortex.o
 .text.HAL_NVIC_EnableIRQ
                0x0000000000000000       0x18 ./system/src/stm32f4-hal/stm32f4xx_hal_cortex.o
 .text.HAL_NVIC_DisableIRQ
                0x0000000000000000       0x1c ./system/src/stm32f4-hal/stm32f4xx_hal_cortex.o
 .text.HAL_NVIC_SystemReset
                0x0000000000000000       0x24 ./system/src/stm32f4-hal/stm32f4xx_hal_cortex.o
 .text.HAL_MPU_ConfigRegion
                0x0000000000000000       0x50 ./system/src/stm32f4-hal/stm32f4xx_hal_cortex.o
 .text.HAL_NVIC_GetPriorityGrouping
                0x0000000000000000       0x10 ./system/src/stm32f4-hal/stm32f4xx_hal_cortex.o
 .text.HAL_NVIC_GetPriority
                0x0000000000000000       0x58 ./system/src/stm32f4-hal/stm32f4xx_hal_cortex.o
 .text.HAL_NVIC_SetPendingIRQ
                0x0000000000000000       0x1c ./system/src/stm32f4-hal/stm32f4xx_hal_cortex.o
 .text.HAL_NVIC_GetPendingIRQ
                0x0000000000000000       0x1c ./system/src/stm32f4-hal/stm32f4xx_hal_cortex.o
 .text.HAL_NVIC_ClearPendingIRQ
                0x0000000000000000       0x1c ./system/src/stm32f4-hal/stm32f4xx_hal_cortex.o
 .text.HAL_NVIC_GetActive
                0x0000000000000000       0x1c ./system/src/stm32f4-hal/stm32f4xx_hal_cortex.o
 .text.HAL_SYSTICK_CLKSourceConfig
                0x0000000000000000       0x18 ./system/src/stm32f4-hal/stm32f4xx_hal_cortex.o
 .text.HAL_SYSTICK_Callback
                0x0000000000000000        0x2 ./system/src/stm32f4-hal/stm32f4xx_hal_cortex.o
 .text.HAL_SYSTICK_IRQHandler
                0x0000000000000000        0x8 ./system/src/stm32f4-hal/stm32f4xx_hal_cortex.o
 .text          0x0000000000000000        0x0 ./system/src/stm32f4-hal/stm32f4xx_hal_dfsdm.o
 .data          0x0000000000000000        0x0 ./system/src/stm32f4-hal/stm32f4xx_hal_dfsdm.o
 .bss           0x0000000000000000        0x0 ./system/src/stm32f4-hal/stm32f4xx_hal_dfsdm.o
 .debug_info    0x0000000000000000      0x8dc ./system/src/stm32f4-hal/stm32f4xx_hal_dfsdm.o
 .debug_abbrev  0x0000000000000000      0x192 ./system/src/stm32f4-hal/stm32f4xx_hal_dfsdm.o
 .debug_aranges
                0x0000000000000000       0x18 ./system/src/stm32f4-hal/stm32f4xx_hal_dfsdm.o
 .debug_line    0x0000000000000000      0x112 ./system/src/stm32f4-hal/stm32f4xx_hal_dfsdm.o
 .debug_str     0x0000000000000000      0x5e3 ./system/src/stm32f4-hal/stm32f4xx_hal_dfsdm.o
 .comment       0x0000000000000000       0x80 ./system/src/stm32f4-hal/stm32f4xx_hal_dfsdm.o
 .ARM.attributes
                0x0000000000000000       0x33 ./system/src/stm32f4-hal/stm32f4xx_hal_dfsdm.o
 .text          0x0000000000000000        0x0 ./system/src/stm32f4-hal/stm32f4xx_hal_flash.o
 .data          0x0000000000000000        0x0 ./system/src/stm32f4-hal/stm32f4xx_hal_flash.o
 .bss           0x0000000000000000        0x0 ./system/src/stm32f4-hal/stm32f4xx_hal_flash.o
 .text.FLASH_Program_Word
                0x0000000000000000       0x24 ./system/src/stm32f4-hal/stm32f4xx_hal_flash.o
 .text.FLASH_Program_HalfWord
                0x0000000000000000       0x24 ./system/src/stm32f4-hal/stm32f4xx_hal_flash.o
 .text.FLASH_SetErrorCode
                0x0000000000000000       0x8c ./system/src/stm32f4-hal/stm32f4xx_hal_flash.o
 .text.HAL_FLASH_Program_IT
                0x0000000000000000       0x90 ./system/src/stm32f4-hal/stm32f4xx_hal_flash.o
 .text.HAL_FLASH_EndOfOperationCallback
                0x0000000000000000        0x2 ./system/src/stm32f4-hal/stm32f4xx_hal_flash.o
 .text.HAL_FLASH_OperationErrorCallback
                0x0000000000000000        0x2 ./system/src/stm32f4-hal/stm32f4xx_hal_flash.o
 .text.HAL_FLASH_IRQHandler
                0x0000000000000000       0xc8 ./system/src/stm32f4-hal/stm32f4xx_hal_flash.o
 .text.HAL_FLASH_Unlock
                0x0000000000000000       0x24 ./system/src/stm32f4-hal/stm32f4xx_hal_flash.o
 .text.HAL_FLASH_Lock
                0x0000000000000000       0x14 ./system/src/stm32f4-hal/stm32f4xx_hal_flash.o
 .text.HAL_FLASH_OB_Unlock
                0x0000000000000000       0x24 ./system/src/stm32f4-hal/stm32f4xx_hal_flash.o
 .text.HAL_FLASH_OB_Lock
                0x0000000000000000       0x14 ./system/src/stm32f4-hal/stm32f4xx_hal_flash.o
 .text.HAL_FLASH_GetError
                0x0000000000000000        0xc ./system/src/stm32f4-hal/stm32f4xx_hal_flash.o
 .text.FLASH_WaitForLastOperation
                0x0000000000000000       0x5c ./system/src/stm32f4-hal/stm32f4xx_hal_flash.o
 .text.HAL_FLASH_Program
                0x0000000000000000       0xa8 ./system/src/stm32f4-hal/stm32f4xx_hal_flash.o
 .text.HAL_FLASH_OB_Launch
                0x0000000000000000       0x18 ./system/src/stm32f4-hal/stm32f4xx_hal_flash.o
 .debug_info    0x0000000000000000      0xf30 ./system/src/stm32f4-hal/stm32f4xx_hal_flash.o
 .debug_abbrev  0x0000000000000000      0x3c3 ./system/src/stm32f4-hal/stm32f4xx_hal_flash.o
 .debug_loc     0x0000000000000000      0x2cb ./system/src/stm32f4-hal/stm32f4xx_hal_flash.o
 .debug_aranges
                0x0000000000000000       0x88 ./system/src/stm32f4-hal/stm32f4xx_hal_flash.o
 .debug_ranges  0x0000000000000000       0xa8 ./system/src/stm32f4-hal/stm32f4xx_hal_flash.o
 .debug_line    0x0000000000000000      0x3dc ./system/src/stm32f4-hal/stm32f4xx_hal_flash.o
 .debug_str     0x0000000000000000      0x961 ./system/src/stm32f4-hal/stm32f4xx_hal_flash.o
 .comment       0x0000000000000000       0x80 ./system/src/stm32f4-hal/stm32f4xx_hal_flash.o
 .debug_frame   0x0000000000000000      0x13c ./system/src/stm32f4-hal/stm32f4xx_hal_flash.o
 .ARM.attributes
                0x0000000000000000       0x33 ./system/src/stm32f4-hal/stm32f4xx_hal_flash.o
 COMMON         0x0000000000000000       0x20 ./system/src/stm32f4-hal/stm32f4xx_hal_flash.o
 .text          0x0000000000000000        0x0 ./system/src/stm32f4-hal/stm32f4xx_hal_gpio.o
 .data          0x0000000000000000        0x0 ./system/src/stm32f4-hal/stm32f4xx_hal_gpio.o
 .bss           0x0000000000000000        0x0 ./system/src/stm32f4-hal/stm32f4xx_hal_gpio.o
 .text.HAL_GPIO_DeInit
                0x0000000000000000      0x13c ./system/src/stm32f4-hal/stm32f4xx_hal_gpio.o
 .text.HAL_GPIO_ReadPin
                0x0000000000000000        0xc ./system/src/stm32f4-hal/stm32f4xx_hal_gpio.o
 .text.HAL_GPIO_WritePin
                0x0000000000000000        0xa ./system/src/stm32f4-hal/stm32f4xx_hal_gpio.o
 .text.HAL_GPIO_LockPin
                0x0000000000000000       0x2a ./system/src/stm32f4-hal/stm32f4xx_hal_gpio.o
 .text.HAL_GPIO_EXTI_Callback
                0x0000000000000000        0x2 ./system/src/stm32f4-hal/stm32f4xx_hal_gpio.o
 .text.HAL_GPIO_EXTI_IRQHandler
                0x0000000000000000       0x18 ./system/src/stm32f4-hal/stm32f4xx_hal_gpio.o
 .text          0x0000000000000000        0x0 ./system/src/stm32f4-hal/stm32f4xx_hal_iwdg.o
 .data          0x0000000000000000        0x0 ./system/src/stm32f4-hal/stm32f4xx_hal_iwdg.o
 .bss           0x0000000000000000        0x0 ./system/src/stm32f4-hal/stm32f4xx_hal_iwdg.o
 .debug_info    0x0000000000000000      0x8dc ./system/src/stm32f4-hal/stm32f4xx_hal_iwdg.o
 .debug_abbrev  0x0000000000000000      0x192 ./system/src/stm32f4-hal/stm32f4xx_hal_iwdg.o
 .debug_aranges
                0x0000000000000000       0x18 ./system/src/stm32f4-hal/stm32f4xx_hal_iwdg.o
 .debug_line    0x0000000000000000      0x112 ./system/src/stm32f4-hal/stm32f4xx_hal_iwdg.o
 .debug_str     0x0000000000000000      0x5e2 ./system/src/stm32f4-hal/stm32f4xx_hal_iwdg.o
 .comment       0x0000000000000000       0x80 ./system/src/stm32f4-hal/stm32f4xx_hal_iwdg.o
 .ARM.attributes
                0x0000000000000000       0x33 ./system/src/stm32f4-hal/stm32f4xx_hal_iwdg.o
 .text          0x0000000000000000        0x0 ./system/src/stm32f4-hal/stm32f4xx_hal_pwr.o
 .data          0x0000000000000000        0x0 ./system/src/stm32f4-hal/stm32f4xx_hal_pwr.o
 .bss           0x0000000000000000        0x0 ./system/src/stm32f4-hal/stm32f4xx_hal_pwr.o
 .text.HAL_PWR_DeInit
                0x0000000000000000       0x18 ./system/src/stm32f4-hal/stm32f4xx_hal_pwr.o
 .text.HAL_PWR_EnableBkUpAccess
                0x0000000000000000       0x1c ./system/src/stm32f4-hal/stm32f4xx_hal_pwr.o
 .text.HAL_PWR_DisableBkUpAccess
                0x0000000000000000       0x1c ./system/src/stm32f4-hal/stm32f4xx_hal_pwr.o
 .text.HAL_PWR_ConfigPVD
                0x0000000000000000       0x70 ./system/src/stm32f4-hal/stm32f4xx_hal_pwr.o
 .text.HAL_PWR_EnablePVD
                0x0000000000000000       0x1a ./system/src/stm32f4-hal/stm32f4xx_hal_pwr.o
 .text.HAL_PWR_DisablePVD
                0x0000000000000000       0x1a ./system/src/stm32f4-hal/stm32f4xx_hal_pwr.o
 .text.HAL_PWR_EnableWakeUpPin
                0x0000000000000000       0x10 ./system/src/stm32f4-hal/stm32f4xx_hal_pwr.o
 .text.HAL_PWR_DisableWakeUpPin
                0x0000000000000000       0x10 ./system/src/stm32f4-hal/stm32f4xx_hal_pwr.o
 .text.HAL_PWR_EnterSLEEPMode
                0x0000000000000000       0x20 ./system/src/stm32f4-hal/stm32f4xx_hal_pwr.o
 .text.HAL_PWR_EnterSTOPMode
                0x0000000000000000       0x38 ./system/src/stm32f4-hal/stm32f4xx_hal_pwr.o
 .text.HAL_PWR_EnterSTANDBYMode
                0x0000000000000000       0x20 ./system/src/stm32f4-hal/stm32f4xx_hal_pwr.o
 .text.HAL_PWR_PVDCallback
                0x0000000000000000        0x2 ./system/src/stm32f4-hal/stm32f4xx_hal_pwr.o
 .text.HAL_PWR_PVD_IRQHandler
                0x0000000000000000       0x1c ./system/src/stm32f4-hal/stm32f4xx_hal_pwr.o
 .text.HAL_PWR_EnableSleepOnExit
                0x0000000000000000       0x10 ./system/src/stm32f4-hal/stm32f4xx_hal_pwr.o
 .text.HAL_PWR_DisableSleepOnExit
                0x0000000000000000       0x10 ./system/src/stm32f4-hal/stm32f4xx_hal_pwr.o
 .text.HAL_PWR_EnableSEVOnPend
                0x0000000000000000       0x10 ./system/src/stm32f4-hal/stm32f4xx_hal_pwr.o
 .text.HAL_PWR_DisableSEVOnPend
                0x0000000000000000       0x10 ./system/src/stm32f4-hal/stm32f4xx_hal_pwr.o
 .debug_info    0x0000000000000000     0x1094 ./system/src/stm32f4-hal/stm32f4xx_hal_pwr.o
 .debug_abbrev  0x0000000000000000      0x2d5 ./system/src/stm32f4-hal/stm32f4xx_hal_pwr.o
 .debug_loc     0x0000000000000000       0xd8 ./system/src/stm32f4-hal/stm32f4xx_hal_pwr.o
 .debug_aranges
                0x0000000000000000       0xa0 ./system/src/stm32f4-hal/stm32f4xx_hal_pwr.o
 .debug_ranges  0x0000000000000000       0x90 ./system/src/stm32f4-hal/stm32f4xx_hal_pwr.o
 .debug_line    0x0000000000000000      0x331 ./system/src/stm32f4-hal/stm32f4xx_hal_pwr.o
 .debug_str     0x0000000000000000      0x97a ./system/src/stm32f4-hal/stm32f4xx_hal_pwr.o
 .comment       0x0000000000000000       0x80 ./system/src/stm32f4-hal/stm32f4xx_hal_pwr.o
 .debug_frame   0x0000000000000000      0x128 ./system/src/stm32f4-hal/stm32f4xx_hal_pwr.o
 .ARM.attributes
                0x0000000000000000       0x33 ./system/src/stm32f4-hal/stm32f4xx_hal_pwr.o
 .text          0x0000000000000000        0x0 ./system/src/stm32f4-hal/stm32f4xx_hal_rcc.o
 .data          0x0000000000000000        0x0 ./system/src/stm32f4-hal/stm32f4xx_hal_rcc.o
 .bss           0x0000000000000000        0x0 ./system/src/stm32f4-hal/stm32f4xx_hal_rcc.o
 .text.HAL_RCC_DeInit
                0x0000000000000000        0x2 ./system/src/stm32f4-hal/stm32f4xx_hal_rcc.o
 .text.HAL_RCC_MCOConfig
                0x0000000000000000       0x98 ./system/src/stm32f4-hal/stm32f4xx_hal_rcc.o
 .text.HAL_RCC_EnableCSS
                0x0000000000000000        0xc ./system/src/stm32f4-hal/stm32f4xx_hal_rcc.o
 .text.HAL_RCC_DisableCSS
                0x0000000000000000        0xc ./system/src/stm32f4-hal/stm32f4xx_hal_rcc.o
 .text.HAL_RCC_GetHCLKFreq
                0x0000000000000000        0xc ./system/src/stm32f4-hal/stm32f4xx_hal_rcc.o
 .text.HAL_RCC_GetPCLK1Freq
                0x0000000000000000       0x30 ./system/src/stm32f4-hal/stm32f4xx_hal_rcc.o
 .text.HAL_RCC_GetPCLK2Freq
                0x0000000000000000       0x30 ./system/src/stm32f4-hal/stm32f4xx_hal_rcc.o
 .text.HAL_RCC_GetOscConfig
                0x0000000000000000       0xcc ./system/src/stm32f4-hal/stm32f4xx_hal_rcc.o
 .text.HAL_RCC_GetClockConfig
                0x0000000000000000       0x3c ./system/src/stm32f4-hal/stm32f4xx_hal_rcc.o
 .text.HAL_RCC_CSSCallback
                0x0000000000000000        0x2 ./system/src/stm32f4-hal/stm32f4xx_hal_rcc.o
 .text.HAL_RCC_NMI_IRQHandler
                0x0000000000000000       0x20 ./system/src/stm32f4-hal/stm32f4xx_hal_rcc.o
 .text          0x0000000000000000        0x0 ./system/src/newlib/_cxx.o
 .data          0x0000000000000000        0x0 ./system/src/newlib/_cxx.o
 .bss           0x0000000000000000        0x0 ./system/src/newlib/_cxx.o
 .text._ZN9__gnu_cxx27__verbose_terminate_handlerEv
                0x0000000000000000        0x6 ./system/src/newlib/_cxx.o
 .text.__cxa_pure_virtual
                0x0000000000000000        0x6 ./system/src/newlib/_cxx.o
 .debug_info    0x0000000000000000      0xe91 ./system/src/newlib/_cxx.o
 .debug_abbrev  0x0000000000000000      0x2eb ./system/src/newlib/_cxx.o
 .debug_aranges
                0x0000000000000000       0x20 ./system/src/newlib/_cxx.o
 .debug_ranges  0x0000000000000000       0x10 ./system/src/newlib/_cxx.o
 .debug_line    0x0000000000000000      0x1ab ./system/src/newlib/_cxx.o
 .debug_str     0x0000000000000000      0x7e1 ./system/src/newlib/_cxx.o
 .comment       0x0000000000000000       0x80 ./system/src/newlib/_cxx.o
 .debug_frame   0x0000000000000000       0x40 ./system/src/newlib/_cxx.o
 .ARM.attributes
                0x0000000000000000       0x33 ./system/src/newlib/_cxx.o
 .text          0x0000000000000000        0x0 ./system/src/newlib/_exit.o
 .data          0x0000000000000000        0x0 ./system/src/newlib/_exit.o
 .bss           0x0000000000000000        0x0 ./system/src/newlib/_exit.o
 .text.abort    0x0000000000000000        0x8 ./system/src/newlib/_exit.o
 .text          0x0000000000000000        0x0 ./system/src/newlib/_sbrk.o
 .data          0x0000000000000000        0x0 ./system/src/newlib/_sbrk.o
 .bss           0x0000000000000000        0x0 ./system/src/newlib/_sbrk.o
 .text._sbrk    0x0000000000000000       0x3c ./system/src/newlib/_sbrk.o
 .bss.current_heap_end.4427
                0x0000000000000000        0x4 ./system/src/newlib/_sbrk.o
 .debug_info    0x0000000000000000      0x945 ./system/src/newlib/_sbrk.o
 .debug_abbrev  0x0000000000000000      0x1f9 ./system/src/newlib/_sbrk.o
 .debug_loc     0x0000000000000000       0x6a ./system/src/newlib/_sbrk.o
 .debug_aranges
                0x0000000000000000       0x20 ./system/src/newlib/_sbrk.o
 .debug_ranges  0x0000000000000000       0x10 ./system/src/newlib/_sbrk.o
 .debug_line    0x0000000000000000       0xe8 ./system/src/newlib/_sbrk.o
 .debug_str     0x0000000000000000      0x5fe ./system/src/newlib/_sbrk.o
 .comment       0x0000000000000000       0x80 ./system/src/newlib/_sbrk.o
 .debug_frame   0x0000000000000000       0x28 ./system/src/newlib/_sbrk.o
 .ARM.attributes
                0x0000000000000000       0x33 ./system/src/newlib/_sbrk.o
 .text          0x0000000000000000        0x0 ./system/src/newlib/_startup.o
 .data          0x0000000000000000        0x0 ./system/src/newlib/_startup.o
 .bss           0x0000000000000000        0x0 ./system/src/newlib/_startup.o
 .text.__initialize_data
                0x0000000000000000       0x10 ./system/src/newlib/_startup.o
 .text.__initialize_bss
                0x0000000000000000        0xe ./system/src/newlib/_startup.o
 .text.__run_init_array
                0x0000000000000000       0x44 ./system/src/newlib/_startup.o
 .text.__run_fini_array
                0x0000000000000000       0x24 ./system/src/newlib/_startup.o
 .text          0x0000000000000000        0x0 ./system/src/newlib/_syscalls.o
 .data          0x0000000000000000        0x0 ./system/src/newlib/_syscalls.o
 .bss           0x0000000000000000        0x0 ./system/src/newlib/_syscalls.o
 .text.raise    0x0000000000000000       0x10 ./system/src/newlib/_syscalls.o
 .text.kill     0x0000000000000000       0x10 ./system/src/newlib/_syscalls.o
 .text._chown   0x0000000000000000       0x10 ./system/src/newlib/_syscalls.o
 .text._close   0x0000000000000000       0x10 ./system/src/newlib/_syscalls.o
 .text._execve  0x0000000000000000       0x10 ./system/src/newlib/_syscalls.o
 .text._fstat   0x0000000000000000       0x10 ./system/src/newlib/_syscalls.o
 .text._getpid  0x0000000000000000       0x10 ./system/src/newlib/_syscalls.o
 .text._fork    0x0000000000000000        0x4 ./system/src/newlib/_syscalls.o
 .text._gettimeofday
                0x0000000000000000       0x10 ./system/src/newlib/_syscalls.o
 .text._isatty  0x0000000000000000        0xe ./system/src/newlib/_syscalls.o
 .text._kill    0x0000000000000000       0x10 ./system/src/newlib/_syscalls.o
 .text._link    0x0000000000000000       0x10 ./system/src/newlib/_syscalls.o
 .text._lseek   0x0000000000000000       0x10 ./system/src/newlib/_syscalls.o
 .text._open    0x0000000000000000       0x10 ./system/src/newlib/_syscalls.o
 .text._read    0x0000000000000000       0x10 ./system/src/newlib/_syscalls.o
 .text._readlink
                0x0000000000000000       0x10 ./system/src/newlib/_syscalls.o
 .text._stat    0x0000000000000000       0x10 ./system/src/newlib/_syscalls.o
 .text._symlink
                0x0000000000000000       0x10 ./system/src/newlib/_syscalls.o
 .text._times   0x0000000000000000       0x10 ./system/src/newlib/_syscalls.o
 .text._unlink  0x0000000000000000       0x10 ./system/src/newlib/_syscalls.o
 .text._wait    0x0000000000000000       0x10 ./system/src/newlib/_syscalls.o
 .text._write   0x0000000000000000       0x10 ./system/src/newlib/_syscalls.o
 .bss.__dso_handle
                0x0000000000000000        0x4 ./system/src/newlib/_syscalls.o
 .bss.__env     0x0000000000000000        0x4 ./system/src/newlib/_syscalls.o
 .data.environ  0x0000000000000000        0x4 ./system/src/newlib/_syscalls.o
 COMMON         0x0000000000000000        0x4 ./system/src/newlib/_syscalls.o
 .text          0x0000000000000000        0x0 ./system/src/newlib/assert.o
 .data          0x0000000000000000        0x0 ./system/src/newlib/assert.o
 .bss           0x0000000000000000        0x0 ./system/src/newlib/assert.o
 .text.__assert_func
                0x0000000000000000        0x6 ./system/src/newlib/assert.o
 .debug_info    0x0000000000000000      0x972 ./system/src/newlib/assert.o
 .debug_abbrev  0x0000000000000000      0x1fe ./system/src/newlib/assert.o
 .debug_loc     0x0000000000000000       0x84 ./system/src/newlib/assert.o
 .debug_aranges
                0x0000000000000000       0x20 ./system/src/newlib/assert.o
 .debug_ranges  0x0000000000000000       0x10 ./system/src/newlib/assert.o
 .debug_line    0x0000000000000000      0x124 ./system/src/newlib/assert.o
 .debug_str     0x0000000000000000      0x607 ./system/src/newlib/assert.o
 .comment       0x0000000000000000       0x80 ./system/src/newlib/assert.o
 .debug_frame   0x0000000000000000       0x28 ./system/src/newlib/assert.o
 .ARM.attributes
                0x0000000000000000       0x33 ./system/src/newlib/assert.o
 .text          0x0000000000000000        0x0 ./system/src/diag/Trace.o
 .data          0x0000000000000000        0x0 ./system/src/diag/Trace.o
 .bss           0x0000000000000000        0x0 ./system/src/diag/Trace.o
 .debug_line    0x0000000000000000        0x0 ./system/src/diag/Trace.o
 .debug_str     0x0000000000000000      0x111 ./system/src/diag/Trace.o
 .comment       0x0000000000000000       0x80 ./system/src/diag/Trace.o
 .ARM.attributes
                0x0000000000000000       0x33 ./system/src/diag/Trace.o
 .text          0x0000000000000000        0x0 ./system/src/diag/trace_impl.o
 .data          0x0000000000000000        0x0 ./system/src/diag/trace_impl.o
 .bss           0x0000000000000000        0x0 ./system/src/diag/trace_impl.o
 .debug_line    0x0000000000000000        0x0 ./system/src/diag/trace_impl.o
 .debug_str     0x0000000000000000      0x116 ./system/src/diag/trace_impl.o
 .comment       0x0000000000000000       0x80 ./system/src/diag/trace_impl.o
 .ARM.attributes
                0x0000000000000000       0x33 ./system/src/diag/trace_impl.o
 .text          0x0000000000000000        0x0 ./system/src/cortexm/_initialize_hardware.o
 .data          0x0000000000000000        0x0 ./system/src/cortexm/_initialize_hardware.o
 .bss           0x0000000000000000        0x0 ./system/src/cortexm/_initialize_hardware.o
 .text          0x0000000000000000        0x0 ./system/src/cortexm/_reset_hardware.o
 .data          0x0000000000000000        0x0 ./system/src/cortexm/_reset_hardware.o
 .bss           0x0000000000000000        0x0 ./system/src/cortexm/_reset_hardware.o
 .text          0x0000000000000000        0x0 ./system/src/cortexm/exception_handlers.o
 .data          0x0000000000000000        0x0 ./system/src/cortexm/exception_handlers.o
 .bss           0x0000000000000000        0x0 ./system/src/cortexm/exception_handlers.o
 .text          0x0000000000000000        0x0 ./system/src/cmsis/system_stm32f4xx.o
 .data          0x0000000000000000        0x0 ./system/src/cmsis/system_stm32f4xx.o
 .bss           0x0000000000000000        0x0 ./system/src/cmsis/system_stm32f4xx.o
 .text          0x0000000000000000        0x0 ./system/src/cmsis/vectors_stm32f407xx.o
 .data          0x0000000000000000        0x0 ./system/src/cmsis/vectors_stm32f407xx.o
 .bss           0x0000000000000000        0x0 ./system/src/cmsis/vectors_stm32f407xx.o
 .text          0x0000000000000000        0x0 ./src/main.o
 .data          0x0000000000000000        0x0 ./src/main.o
 .bss           0x0000000000000000        0x0 ./src/main.o
 .text          0x0000000000000000        0x0 ./src/stm32f4xx_it.o
 .data          0x0000000000000000        0x0 ./src/stm32f4xx_it.o
 .bss           0x0000000000000000        0x0 ./src/stm32f4xx_it.o
 .text          0x0000000000000000        0x0 /usr/bin/../lib/gcc/arm-none-eabi/6.3.1/../../../../arm-none-eabi/lib/thumb/v7e-m/libg_nano.a(lib_a-errno.o)
 .data          0x0000000000000000        0x0 /usr/bin/../lib/gcc/arm-none-eabi/6.3.1/../../../../arm-none-eabi/lib/thumb/v7e-m/libg_nano.a(lib_a-errno.o)
 .bss           0x0000000000000000        0x0 /usr/bin/../lib/gcc/arm-none-eabi/6.3.1/../../../../arm-none-eabi/lib/thumb/v7e-m/libg_nano.a(lib_a-errno.o)
 .text.__errno  0x0000000000000000        0xc /usr/bin/../lib/gcc/arm-none-eabi/6.3.1/../../../../arm-none-eabi/lib/thumb/v7e-m/libg_nano.a(lib_a-errno.o)
 .debug_frame   0x0000000000000000       0x20 /usr/bin/../lib/gcc/arm-none-eabi/6.3.1/../../../../arm-none-eabi/lib/thumb/v7e-m/libg_nano.a(lib_a-errno.o)
 .ARM.attributes
                0x0000000000000000       0x2e /usr/bin/../lib/gcc/arm-none-eabi/6.3.1/../../../../arm-none-eabi/lib/thumb/v7e-m/libg_nano.a(lib_a-errno.o)
 .text          0x0000000000000000        0x0 /usr/bin/../lib/gcc/arm-none-eabi/6.3.1/../../../../arm-none-eabi/lib/thumb/v7e-m/libg_nano.a(lib_a-impure.o)
 .data          0x0000000000000000        0x0 /usr/bin/../lib/gcc/arm-none-eabi/6.3.1/../../../../arm-none-eabi/lib/thumb/v7e-m/libg_nano.a(lib_a-impure.o)
 .bss           0x0000000000000000        0x0 /usr/bin/../lib/gcc/arm-none-eabi/6.3.1/../../../../arm-none-eabi/lib/thumb/v7e-m/libg_nano.a(lib_a-impure.o)
 .data._impure_ptr
                0x0000000000000000        0x4 /usr/bin/../lib/gcc/arm-none-eabi/6.3.1/../../../../arm-none-eabi/lib/thumb/v7e-m/libg_nano.a(lib_a-impure.o)
 .data.impure_data
                0x0000000000000000       0x60 /usr/bin/../lib/gcc/arm-none-eabi/6.3.1/../../../../arm-none-eabi/lib/thumb/v7e-m/libg_nano.a(lib_a-impure.o)
 .rodata._global_impure_ptr
                0x0000000000000000        0x4 /usr/bin/../lib/gcc/arm-none-eabi/6.3.1/../../../../arm-none-eabi/lib/thumb/v7e-m/libg_nano.a(lib_a-impure.o)
 .ARM.attributes
                0x0000000000000000       0x2e /usr/bin/../lib/gcc/arm-none-eabi/6.3.1/../../../../arm-none-eabi/lib/thumb/v7e-m/libg_nano.a(lib_a-impure.o)

Memory Configuration

Name             Origin             Length             Attributes
RAM              0x0000000020000000 0x0000000000020000 xrw
CCMRAM           0x0000000010000000 0x0000000000010000 xrw
FLASH            0x0000000008000000 0x0000000000100000 xr
FLASHB1          0x0000000000000000 0x0000000000000000 xr
EXTMEMB0         0x0000000000000000 0x0000000000000000 xr
EXTMEMB1         0x0000000000000000 0x0000000000000000 xr
EXTMEMB2         0x0000000000000000 0x0000000000000000 xr
EXTMEMB3         0x0000000000000000 0x0000000000000000 xr
MEMORY_ARRAY     0x0000000020002000 0x0000000000000020 xrw
*default*        0x0000000000000000 0xffffffffffffffff

Linker script and memory map

LOAD ./system/src/stm32f4-hal/stm32f4xx_hal.o
LOAD ./system/src/stm32f4-hal/stm32f4xx_hal_cortex.o
LOAD ./system/src/stm32f4-hal/stm32f4xx_hal_dfsdm.o
LOAD ./system/src/stm32f4-hal/stm32f4xx_hal_flash.o
LOAD ./system/src/stm32f4-hal/stm32f4xx_hal_gpio.o
LOAD ./system/src/stm32f4-hal/stm32f4xx_hal_iwdg.o
LOAD ./system/src/stm32f4-hal/stm32f4xx_hal_pwr.o
LOAD ./system/src/stm32f4-hal/stm32f4xx_hal_rcc.o
LOAD ./system/src/newlib/_cxx.o
LOAD ./system/src/newlib/_exit.o
LOAD ./system/src/newlib/_sbrk.o
LOAD ./system/src/newlib/_startup.o
LOAD ./system/src/newlib/_syscalls.o
LOAD ./system/src/newlib/assert.o
LOAD ./system/src/diag/Trace.o
LOAD ./system/src/diag/trace_impl.o
LOAD ./system/src/cortexm/_initialize_hardware.o
LOAD ./system/src/cortexm/_reset_hardware.o
LOAD ./system/src/cortexm/exception_handlers.o
LOAD ./system/src/cmsis/system_stm32f4xx.o
LOAD ./system/src/cmsis/vectors_stm32f407xx.o
LOAD ./src/main.o
LOAD ./src/stm32f4xx_it.o
LOAD /usr/bin/../lib/gcc/arm-none-eabi/6.3.1/../../../../arm-none-eabi/lib/thumb/v7e-m/libstdc++_nano.a
LOAD /usr/bin/../lib/gcc/arm-none-eabi/6.3.1/../../../../arm-none-eabi/lib/thumb/v7e-m/libm.a
START GROUP
LOAD /usr/bin/../lib/gcc/arm-none-eabi/6.3.1/thumb/v7e-m/libgcc.a
LOAD /usr/bin/../lib/gcc/arm-none-eabi/6.3.1/../../../../arm-none-eabi/lib/thumb/v7e-m/libg_nano.a
LOAD /usr/bin/../lib/gcc/arm-none-eabi/6.3.1/../../../../arm-none-eabi/lib/thumb/v7e-m/libc_nano.a
END GROUP
START GROUP
LOAD /usr/bin/../lib/gcc/arm-none-eabi/6.3.1/thumb/v7e-m/libgcc.a
LOAD /usr/bin/../lib/gcc/arm-none-eabi/6.3.1/../../../../arm-none-eabi/lib/thumb/v7e-m/libc_nano.a
END GROUP
                0x0000000020020000                __stack = (ORIGIN (RAM) + LENGTH (RAM))
                0x0000000020020000                _estack = __stack
                0x0000000000000400                __Main_Stack_Size = 0x400
                [!provide]                        PROVIDE (_Main_Stack_Size, __Main_Stack_Size)
                0x000000002001fc00                __Main_Stack_Limit = (__stack - __Main_Stack_Size)
                [!provide]                        PROVIDE (_Main_Stack_Limit, __Main_Stack_Limit)
                0x0000000000000100                _Minimum_Stack_Size = 0x100
                0x0000000020000014                PROVIDE (_Heap_Begin, _end_noinit)
                0x000000002001fc00                PROVIDE (_Heap_Limit, (__stack - __Main_Stack_Size))

.isr_vector     0x0000000008000000      0x2ba
 FILL mask 0xff
                0x0000000008000000                __vectors_start = ABSOLUTE (.)
                0x0000000008000000                __vectors_start__ = ABSOLUTE (.)
 *(.isr_vector)
 .isr_vector    0x0000000008000000      0x188 ./system/src/cmsis/vectors_stm32f407xx.o
                0x0000000008000000                __isr_vectors
 *(.cfmconfig)
 *(.after_vectors .after_vectors.*)
 .after_vectors
                0x0000000008000188       0xcc ./system/src/newlib/_startup.o
                0x0000000008000188                _start
 .after_vectors
                0x0000000008000254       0x64 ./system/src/cortexm/exception_handlers.o
                0x0000000008000254                Reset_Handler
                0x000000000800026e                HardFault_Handler_C
                0x0000000008000286                BusFault_Handler_C
                0x000000000800029c                UsageFault_Handler_C
 .after_vectors
                0x00000000080002b8        0x2 ./system/src/cmsis/vectors_stm32f407xx.o
                0x00000000080002b8                RTC_Alarm_IRQHandler
                0x00000000080002b8                HASH_RNG_IRQHandler
                0x00000000080002b8                EXTI2_IRQHandler
                0x00000000080002b8                TIM8_CC_IRQHandler
                0x00000000080002b8                TIM1_CC_IRQHandler
                0x00000000080002b8                DMA2_Stream5_IRQHandler
                0x00000000080002b8                DMA1_Stream5_IRQHandler
                0x00000000080002b8                PVD_IRQHandler
                0x00000000080002b8                SDIO_IRQHandler
                0x00000000080002b8                TAMP_STAMP_IRQHandler
                0x00000000080002b8                CAN2_RX1_IRQHandler
                0x00000000080002b8                EXTI3_IRQHandler
                0x00000000080002b8                TIM8_TRG_COM_TIM14_IRQHandler
                0x00000000080002b8                TIM1_UP_TIM10_IRQHandler
                0x00000000080002b8                TIM8_UP_TIM13_IRQHandler
                0x00000000080002b8                I2C3_ER_IRQHandler
                0x00000000080002b8                EXTI0_IRQHandler
                0x00000000080002b8                I2C2_EV_IRQHandler
                0x00000000080002b8                DMA1_Stream2_IRQHandler
                0x00000000080002b8                CAN1_RX0_IRQHandler
                0x00000000080002b8                FPU_IRQHandler
                0x00000000080002b8                OTG_HS_WKUP_IRQHandler
                0x00000000080002b8                CAN2_SCE_IRQHandler
                0x00000000080002b8                DMA2_Stream2_IRQHandler
                0x00000000080002b8                SPI1_IRQHandler
                0x00000000080002b8                TIM6_DAC_IRQHandler
                0x00000000080002b8                TIM1_BRK_TIM9_IRQHandler
                0x00000000080002b8                DCMI_IRQHandler
                0x00000000080002b8                CAN2_RX0_IRQHandler
                0x00000000080002b8                DMA2_Stream3_IRQHandler
                0x00000000080002b8                USART6_IRQHandler
                0x00000000080002b8                USART3_IRQHandler
                0x00000000080002b8                CAN1_RX1_IRQHandler
                0x00000000080002b8                UART5_IRQHandler
                0x00000000080002b8                DMA2_Stream0_IRQHandler
                0x00000000080002b8                TIM4_IRQHandler
                0x00000000080002b8                I2C1_EV_IRQHandler
                0x00000000080002b8                DMA1_Stream6_IRQHandler
                0x00000000080002b8                DMA1_Stream1_IRQHandler
                0x00000000080002b8                UART4_IRQHandler
                0x00000000080002b8                TIM3_IRQHandler
                0x00000000080002b8                RCC_IRQHandler
                0x00000000080002b8                TIM8_BRK_TIM12_IRQHandler
                0x00000000080002b8                Default_Handler
                0x00000000080002b8                EXTI15_10_IRQHandler
                0x00000000080002b8                ADC_IRQHandler
                0x00000000080002b8                DMA1_Stream7_IRQHandler
                0x00000000080002b8                TIM7_IRQHandler
                0x00000000080002b8                CAN2_TX_IRQHandler
                0x00000000080002b8                TIM5_IRQHandler
                0x00000000080002b8                DMA2_Stream7_IRQHandler
                0x00000000080002b8                I2C3_EV_IRQHandler
                0x00000000080002b8                EXTI9_5_IRQHandler
                0x00000000080002b8                RTC_WKUP_IRQHandler
                0x00000000080002b8                ETH_WKUP_IRQHandler
                0x00000000080002b8                SPI2_IRQHandler
                0x00000000080002b8                OTG_HS_EP1_IN_IRQHandler
                0x00000000080002b8                DMA1_Stream0_IRQHandler
                0x00000000080002b8                CAN1_TX_IRQHandler
                0x00000000080002b8                EXTI4_IRQHandler
                0x00000000080002b8                ETH_IRQHandler
                0x00000000080002b8                OTG_HS_EP1_OUT_IRQHandler
                0x00000000080002b8                WWDG_IRQHandler
                0x00000000080002b8                TIM2_IRQHandler
                0x00000000080002b8                OTG_FS_WKUP_IRQHandler
                0x00000000080002b8                TIM1_TRG_COM_TIM11_IRQHandler
                0x00000000080002b8                OTG_HS_IRQHandler
                0x00000000080002b8                EXTI1_IRQHandler
                0x00000000080002b8                USART2_IRQHandler
                0x00000000080002b8                I2C2_ER_IRQHandler
                0x00000000080002b8                DMA2_Stream1_IRQHandler
                0x00000000080002b8                CAN1_SCE_IRQHandler
                0x00000000080002b8                FLASH_IRQHandler
                0x00000000080002b8                DMA2_Stream4_IRQHandler
                0x00000000080002b8                USART1_IRQHandler
                0x00000000080002b8                OTG_FS_IRQHandler
                0x00000000080002b8                SPI3_IRQHandler
                0x00000000080002b8                DMA1_Stream4_IRQHandler
                0x00000000080002b8                I2C1_ER_IRQHandler
                0x00000000080002b8                FMC_IRQHandler
                0x00000000080002b8                DMA2_Stream6_IRQHandler
                0x00000000080002b8                DMA1_Stream3_IRQHandler

.inits          0x00000000080002bc       0x28
                0x00000000080002bc                __data_regions_array_start = .
                0x00000000080002bc        0x4 LONG 0x8000d3c LOADADDR (.data)
                0x00000000080002c0        0x4 LONG 0x20000000 ADDR (.data)
                0x00000000080002c4        0x4 LONG 0x2000000c (ADDR (.data) + SIZEOF (.data))
                0x00000000080002c8        0x4 LONG 0x8000d3c LOADADDR (.data_CCMRAM)
                0x00000000080002cc        0x4 LONG 0x10000000 ADDR (.data_CCMRAM)
                0x00000000080002d0        0x4 LONG 0x10000000 (ADDR (.data_CCMRAM) + SIZEOF (.data_CCMRAM))
                0x00000000080002d4                __data_regions_array_end = .
                0x00000000080002d4                __bss_regions_array_start = .
                0x00000000080002d4        0x4 LONG 0x2000000c ADDR (.bss)
                0x00000000080002d8        0x4 LONG 0x20000014 (ADDR (.bss) + SIZEOF (.bss))
                0x00000000080002dc        0x4 LONG 0x10000000 ADDR (.bss_CCMRAM)
                0x00000000080002e0        0x4 LONG 0x10000000 (ADDR (.bss_CCMRAM) + SIZEOF (.bss_CCMRAM))
                0x00000000080002e4                __bss_regions_array_end = .
 *(.init)
 *(.fini)
                0x00000000080002e4                . = ALIGN (0x4)
                0x00000000080002e4                PROVIDE (__preinit_array_start, .)
 *(.preinit_array_sysinit .preinit_array_sysinit.*)
 *(.preinit_array_platform .preinit_array_platform.*)
 *(.preinit_array .preinit_array.*)
                0x00000000080002e4                PROVIDE (__preinit_array_end, .)
                0x00000000080002e4                . = ALIGN (0x4)
                0x00000000080002e4                PROVIDE (__init_array_start, .)
 *(SORT(.init_array.*))
 *(.init_array)
                0x00000000080002e4                PROVIDE (__init_array_end, .)
                0x00000000080002e4                . = ALIGN (0x4)
                0x00000000080002e4                PROVIDE (__fini_array_start, .)
 *(SORT(.fini_array.*))
 *(.fini_array)
                0x00000000080002e4                PROVIDE (__fini_array_end, .)

.flashtext
 *(.flashtext .flashtext.*)

.text           0x00000000080002e4      0xa58
 *(.text .text.*)
 .text.HAL_MspInit
                0x00000000080002e4        0x2 ./system/src/stm32f4-hal/stm32f4xx_hal.o
                0x00000000080002e4                HAL_MspInit
 *fill*         0x00000000080002e6        0x2 
 .text.HAL_InitTick
                0x00000000080002e8       0x28 ./system/src/stm32f4-hal/stm32f4xx_hal.o
                0x00000000080002e8                HAL_InitTick
 .text.HAL_Init
                0x0000000008000310       0x34 ./system/src/stm32f4-hal/stm32f4xx_hal.o
                0x0000000008000310                HAL_Init
 .text.HAL_IncTick
                0x0000000008000344       0x10 ./system/src/stm32f4-hal/stm32f4xx_hal.o
                0x0000000008000344                HAL_IncTick
 .text.HAL_GetTick
                0x0000000008000354        0xc ./system/src/stm32f4-hal/stm32f4xx_hal.o
                0x0000000008000354                HAL_GetTick
 .text.HAL_Delay
                0x0000000008000360       0x1a ./system/src/stm32f4-hal/stm32f4xx_hal.o
                0x0000000008000360                HAL_Delay
 *fill*         0x000000000800037a        0x2 
 .text.HAL_GetREVID
                0x000000000800037c        0xc ./system/src/stm32f4-hal/stm32f4xx_hal.o
                0x000000000800037c                HAL_GetREVID
 .text.HAL_NVIC_SetPriorityGrouping
                0x0000000008000388       0x24 ./system/src/stm32f4-hal/stm32f4xx_hal_cortex.o
                0x0000000008000388                HAL_NVIC_SetPriorityGrouping
 .text.HAL_NVIC_SetPriority
                0x00000000080003ac       0x68 ./system/src/stm32f4-hal/stm32f4xx_hal_cortex.o
                0x00000000080003ac                HAL_NVIC_SetPriority
 .text.HAL_SYSTICK_Config
                0x0000000008000414       0x2c ./system/src/stm32f4-hal/stm32f4xx_hal_cortex.o
                0x0000000008000414                HAL_SYSTICK_Config
 .text.HAL_GPIO_Init
                0x0000000008000440      0x1cc ./system/src/stm32f4-hal/stm32f4xx_hal_gpio.o
                0x0000000008000440                HAL_GPIO_Init
 .text.HAL_GPIO_TogglePin
                0x000000000800060c        0x8 ./system/src/stm32f4-hal/stm32f4xx_hal_gpio.o
                0x000000000800060c                HAL_GPIO_TogglePin
 .text.HAL_RCC_OscConfig
                0x0000000008000614      0x2d8 ./system/src/stm32f4-hal/stm32f4xx_hal_rcc.o
                0x0000000008000614                HAL_RCC_OscConfig
 .text.HAL_RCC_GetSysClockFreq
                0x00000000080008ec       0x74 ./system/src/stm32f4-hal/stm32f4xx_hal_rcc.o
                0x00000000080008ec                HAL_RCC_GetSysClockFreq
 .text.HAL_RCC_ClockConfig
                0x0000000008000960      0x16c ./system/src/stm32f4-hal/stm32f4xx_hal_rcc.o
                0x0000000008000960                HAL_RCC_ClockConfig
 .text._exit    0x0000000008000acc        0x6 ./system/src/newlib/_exit.o
                0x0000000008000acc                _exit
 *fill*         0x0000000008000ad2        0x2 
 .text.__initialize_args
                0x0000000008000ad4       0x10 ./system/src/newlib/_syscalls.o
                0x0000000008000ad4                __initialize_args
 .text.__initialize_hardware_early
                0x0000000008000ae4       0x18 ./system/src/cortexm/_initialize_hardware.o
                0x0000000008000ae4                __initialize_hardware_early
 .text.__initialize_hardware
                0x0000000008000afc        0x4 ./system/src/cortexm/_initialize_hardware.o
                0x0000000008000afc                __initialize_hardware
 .text.__reset_hardware
                0x0000000008000b00       0x24 ./system/src/cortexm/_reset_hardware.o
                0x0000000008000b00                __reset_hardware
 .text.SystemInit
                0x0000000008000b24       0x40 ./system/src/cmsis/system_stm32f4xx.o
                0x0000000008000b24                SystemInit
 .text.SystemCoreClockUpdate
                0x0000000008000b64       0x74 ./system/src/cmsis/system_stm32f4xx.o
                0x0000000008000b64                SystemCoreClockUpdate
 .text.startup.main
                0x0000000008000bd8      0x130 ./src/main.o
                0x0000000008000bd8                main
 .text.NMI_Handler
                0x0000000008000d08        0x2 ./src/stm32f4xx_it.o
                0x0000000008000d08                NMI_Handler
 .text.HardFault_Handler
                0x0000000008000d0a        0x2 ./src/stm32f4xx_it.o
                0x0000000008000d0a                HardFault_Handler
 .text.MemManage_Handler
                0x0000000008000d0c        0x2 ./src/stm32f4xx_it.o
                0x0000000008000d0c                MemManage_Handler
 .text.BusFault_Handler
                0x0000000008000d0e        0x2 ./src/stm32f4xx_it.o
                0x0000000008000d0e                BusFault_Handler
 .text.UsageFault_Handler
                0x0000000008000d10        0x2 ./src/stm32f4xx_it.o
                0x0000000008000d10                UsageFault_Handler
 .text.SVC_Handler
                0x0000000008000d12        0x2 ./src/stm32f4xx_it.o
                0x0000000008000d12                SVC_Handler
 .text.DebugMon_Handler
                0x0000000008000d14        0x2 ./src/stm32f4xx_it.o
                0x0000000008000d14                DebugMon_Handler
 .text.PendSV_Handler
                0x0000000008000d16        0x2 ./src/stm32f4xx_it.o
                0x0000000008000d16                PendSV_Handler
 .text.SysTick_Handler
                0x0000000008000d18        0x4 ./src/stm32f4xx_it.o
                0x0000000008000d18                SysTick_Handler
 *(.rodata .rodata.* .constdata .constdata.*)
 .rodata.APBAHBPrescTable
                0x0000000008000d1c       0x10 ./system/src/stm32f4-hal/stm32f4xx_hal_rcc.o
                0x0000000008000d1c                APBAHBPrescTable
 .rodata.AHBPrescTable
                0x0000000008000d2c       0x10 ./system/src/cmsis/system_stm32f4xx.o
                0x0000000008000d2c                AHBPrescTable
 *(vtable)
 *(.eh_frame*)
 *(.glue_7)
 .glue_7        0x0000000008000d3c        0x0 linker stubs
 *(.glue_7t)
 .glue_7t       0x0000000008000d3c        0x0 linker stubs

.vfp11_veneer   0x0000000008000d3c        0x0
 .vfp11_veneer  0x0000000008000d3c        0x0 linker stubs

.v4_bx          0x0000000008000d3c        0x0
 .v4_bx         0x0000000008000d3c        0x0 linker stubs

.iplt           0x0000000008000d3c        0x0
 .iplt          0x0000000008000d3c        0x0 ./system/src/stm32f4-hal/stm32f4xx_hal.o

.rel.dyn        0x0000000008000d3c        0x0
 .rel.iplt      0x0000000008000d3c        0x0 ./system/src/stm32f4-hal/stm32f4xx_hal.o

.ARM.extab
 *(.ARM.extab* .gnu.linkonce.armextab.*)
                0x0000000008000d3c                . = ALIGN (0x4)
                0x0000000008000d3c                __exidx_start = .

.ARM.exidx
 *(.ARM.exidx* .gnu.linkonce.armexidx.*)
                0x0000000008000d3c                __exidx_end = .
                0x0000000008000d3c                . = ALIGN (0x4)
                0x0000000008000d3c                _etext = .
                0x0000000008000d3c                __etext = .

.data_CCMRAM    0x0000000010000000        0x0 load address 0x0000000008000d3c
 FILL mask 0xff
 *(.data.CCMRAM .data.CCMRAM.*)
                0x0000000010000000                . = ALIGN (0x4)
                0x0000000008000d3c                _sidata = LOADADDR (.data)

.data           0x0000000020000000        0xc load address 0x0000000008000d3c
 FILL mask 0xff
                0x0000000020000000                _sdata = .
                0x0000000020000000                __data_start__ = .
 *(.data_begin .data_begin.*)
 *(.data .data.*)
 .data.argv.4743
                0x0000000020000000        0x8 ./system/src/newlib/_syscalls.o
 .data.SystemCoreClock
                0x0000000020000008        0x4 ./system/src/cmsis/system_stm32f4xx.o
                0x0000000020000008                SystemCoreClock
 *(.data_end .data_end.*)
                0x000000002000000c                . = ALIGN (0x4)
                0x000000002000000c                _edata = .
                0x000000002000000c                __data_end__ = .

.igot.plt       0x000000002000000c        0x0 load address 0x0000000008000d48
 .igot.plt      0x000000002000000c        0x0 ./system/src/stm32f4-hal/stm32f4xx_hal.o

.bss_CCMRAM     0x0000000010000000        0x0
 *(.bss.CCMRAM .bss.CCMRAM.*)

.bss            0x000000002000000c        0x8
                0x000000002000000c                __bss_start__ = .
                0x000000002000000c                _sbss = .
 *(.bss_begin .bss_begin.*)
 *(.bss .bss.*)
 .bss.name.4742
                0x000000002000000c        0x1 ./system/src/newlib/_syscalls.o
 *(COMMON)
 *fill*         0x000000002000000d        0x3 
 COMMON         0x0000000020000010        0x4 ./system/src/stm32f4-hal/stm32f4xx_hal.o
                0x0000000020000010                uwTick
 *(.bss_end .bss_end.*)
                0x0000000020000014                . = ALIGN (0x4)
                0x0000000020000014                __bss_end__ = .
                0x0000000020000014                _ebss = .

.noinit_CCMRAM
 *(.noinit.CCMRAM .noinit.CCMRAM.*)

.noinit         0x0000000020000014        0x0
                0x0000000020000014                _noinit = .
 *(.noinit .noinit.*)
                0x0000000020000014                . = ALIGN (0x4)
                0x0000000020000014                _end_noinit = .
                [!provide]                        PROVIDE (end, _end_noinit)
                [!provide]                        PROVIDE (_end, _end_noinit)
                [!provide]                        PROVIDE (__end, _end_noinit)
                [!provide]                        PROVIDE (__end__, _end_noinit)

._check_stack   0x0000000020000014      0x100
                0x0000000020000114                . = (. + _Minimum_Stack_Size)
 *fill*         0x0000000020000014      0x100 

.b1text
 *(.b1text)
 *(.b1rodata)
 *(.b1rodata.*)

.eb0text
 *(.eb0text)
 *(.eb0rodata)
 *(.eb0rodata.*)

.eb1text
 *(.eb1text)
 *(.eb1rodata)
 *(.eb1rodata.*)

.eb2text
 *(.eb2text)
 *(.eb2rodata)
 *(.eb2rodata.*)

.eb3text
 *(.eb3text)
 *(.eb3rodata)
 *(.eb3rodata.*)

.stab
 *(.stab)

.stabstr
 *(.stabstr)

.stab.excl
 *(.stab.excl)

.stab.exclstr
 *(.stab.exclstr)

.stab.index
 *(.stab.index)

.stab.indexstr
 *(.stab.indexstr)

.comment        0x0000000000000000       0x7f
 *(.comment)
 .comment       0x0000000000000000       0x7f ./system/src/stm32f4-hal/stm32f4xx_hal.o
                                         0x80 (size before relaxing)
 .comment       0x000000000000007f       0x80 ./system/src/stm32f4-hal/stm32f4xx_hal_cortex.o
 .comment       0x000000000000007f       0x80 ./system/src/stm32f4-hal/stm32f4xx_hal_gpio.o
 .comment       0x000000000000007f       0x80 ./system/src/stm32f4-hal/stm32f4xx_hal_rcc.o
 .comment       0x000000000000007f       0x80 ./system/src/newlib/_exit.o
 .comment       0x000000000000007f       0x80 ./system/src/newlib/_startup.o
 .comment       0x000000000000007f       0x80 ./system/src/newlib/_syscalls.o
 .comment       0x000000000000007f       0x80 ./system/src/cortexm/_initialize_hardware.o
 .comment       0x000000000000007f       0x80 ./system/src/cortexm/_reset_hardware.o
 .comment       0x000000000000007f       0x80 ./system/src/cortexm/exception_handlers.o
 .comment       0x000000000000007f       0x80 ./system/src/cmsis/system_stm32f4xx.o
 .comment       0x000000000000007f       0x80 ./system/src/cmsis/vectors_stm32f407xx.o
 .comment       0x000000000000007f       0x80 ./src/main.o
 .comment       0x000000000000007f       0x80 ./src/stm32f4xx_it.o

.ARM.attributes
                0x0000000000000000       0x33
 .ARM.attributes
                0x0000000000000000       0x33 ./system/src/stm32f4-hal/stm32f4xx_hal.o
 .ARM.attributes
                0x0000000000000033       0x33 ./system/src/stm32f4-hal/stm32f4xx_hal_cortex.o
 .ARM.attributes
                0x0000000000000066       0x33 ./system/src/stm32f4-hal/stm32f4xx_hal_gpio.o
 .ARM.attributes
                0x0000000000000099       0x33 ./system/src/stm32f4-hal/stm32f4xx_hal_rcc.o
 .ARM.attributes
                0x00000000000000cc       0x33 ./system/src/newlib/_exit.o
 .ARM.attributes
                0x00000000000000ff       0x33 ./system/src/newlib/_startup.o
 .ARM.attributes
                0x0000000000000132       0x33 ./system/src/newlib/_syscalls.o
 .ARM.attributes
                0x0000000000000165       0x33 ./system/src/cortexm/_initialize_hardware.o
 .ARM.attributes
                0x0000000000000198       0x33 ./system/src/cortexm/_reset_hardware.o
 .ARM.attributes
                0x00000000000001cb       0x33 ./system/src/cortexm/exception_handlers.o
 .ARM.attributes
                0x00000000000001fe       0x33 ./system/src/cmsis/system_stm32f4xx.o
 .ARM.attributes
                0x0000000000000231       0x33 ./system/src/cmsis/vectors_stm32f407xx.o
 .ARM.attributes
                0x0000000000000264       0x33 ./src/main.o
 .ARM.attributes
                0x0000000000000297       0x33 ./src/stm32f4xx_it.o

.debug
 *(.debug)

.line
 *(.line)

.debug_srcinfo
 *(.debug_srcinfo)

.debug_sfnames
 *(.debug_sfnames)

.debug_aranges  0x0000000000000000      0x498
 *(.debug_aranges)
 .debug_aranges
                0x0000000000000000       0xb8 ./system/src/stm32f4-hal/stm32f4xx_hal.o
 .debug_aranges
                0x00000000000000b8       0x98 ./system/src/stm32f4-hal/stm32f4xx_hal_cortex.o
 .debug_aranges
                0x0000000000000150       0x58 ./system/src/stm32f4-hal/stm32f4xx_hal_gpio.o
 .debug_aranges
                0x00000000000001a8       0x80 ./system/src/stm32f4-hal/stm32f4xx_hal_rcc.o
 .debug_aranges
                0x0000000000000228       0x28 ./system/src/newlib/_exit.o
 .debug_aranges
                0x0000000000000250       0x40 ./system/src/newlib/_startup.o
 .debug_aranges
                0x0000000000000290       0x90 ./system/src/newlib/_syscalls.o
 .debug_aranges
                0x0000000000000320       0x28 ./system/src/cortexm/_initialize_hardware.o
 .debug_aranges
                0x0000000000000348       0x20 ./system/src/cortexm/_reset_hardware.o
 .debug_aranges
                0x0000000000000368       0x80 ./system/src/cortexm/exception_handlers.o
 .debug_aranges
                0x00000000000003e8       0x28 ./system/src/cmsis/system_stm32f4xx.o
 .debug_aranges
                0x0000000000000410       0x20 ./system/src/cmsis/vectors_stm32f407xx.o
 .debug_aranges
                0x0000000000000430       0x20 ./src/main.o
 .debug_aranges
                0x0000000000000450       0x48 ./src/stm32f4xx_it.o

.debug_pubnames
 *(.debug_pubnames)

.debug_info     0x0000000000000000     0xb922
 *(.debug_info .gnu.linkonce.wi.*)
 .debug_info    0x0000000000000000     0x1102 ./system/src/stm32f4-hal/stm32f4xx_hal.o
 .debug_info    0x0000000000001102     0x168f ./system/src/stm32f4-hal/stm32f4xx_hal_cortex.o
 .debug_info    0x0000000000002791      0xf53 ./system/src/stm32f4-hal/stm32f4xx_hal_gpio.o
 .debug_info    0x00000000000036e4     0x14ad ./system/src/stm32f4-hal/stm32f4xx_hal_rcc.o
 .debug_info    0x0000000000004b91      0x967 ./system/src/newlib/_exit.o
 .debug_info    0x00000000000054f8      0x45c ./system/src/newlib/_startup.o
 .debug_info    0x0000000000005954     0x115a ./system/src/newlib/_syscalls.o
 .debug_info    0x0000000000006aae      0xb02 ./system/src/cortexm/_initialize_hardware.o
 .debug_info    0x00000000000075b0      0xb14 ./system/src/cortexm/_reset_hardware.o
 .debug_info    0x00000000000080c4      0xb02 ./system/src/cortexm/exception_handlers.o
 .debug_info    0x0000000000008bc6      0xcf8 ./system/src/cmsis/system_stm32f4xx.o
 .debug_info    0x00000000000098be       0xcd ./system/src/cmsis/vectors_stm32f407xx.o
 .debug_info    0x000000000000998b     0x1619 ./src/main.o
 .debug_info    0x000000000000afa4      0x97e ./src/stm32f4xx_it.o

.debug_abbrev   0x0000000000000000     0x2299
 *(.debug_abbrev)
 .debug_abbrev  0x0000000000000000      0x33e ./system/src/stm32f4-hal/stm32f4xx_hal.o
 .debug_abbrev  0x000000000000033e      0x3c2 ./system/src/stm32f4-hal/stm32f4xx_hal_cortex.o
 .debug_abbrev  0x0000000000000700      0x2a0 ./system/src/stm32f4-hal/stm32f4xx_hal_gpio.o
 .debug_abbrev  0x00000000000009a0      0x3ed ./system/src/stm32f4-hal/stm32f4xx_hal_rcc.o
 .debug_abbrev  0x0000000000000d8d      0x210 ./system/src/newlib/_exit.o
 .debug_abbrev  0x0000000000000f9d      0x1b2 ./system/src/newlib/_startup.o
 .debug_abbrev  0x000000000000114f      0x339 ./system/src/newlib/_syscalls.o
 .debug_abbrev  0x0000000000001488      0x1e9 ./system/src/cortexm/_initialize_hardware.o
 .debug_abbrev  0x0000000000001671      0x201 ./system/src/cortexm/_reset_hardware.o
 .debug_abbrev  0x0000000000001872      0x1fe ./system/src/cortexm/exception_handlers.o
 .debug_abbrev  0x0000000000001a70      0x213 ./system/src/cmsis/system_stm32f4xx.o
 .debug_abbrev  0x0000000000001c83       0x9a ./system/src/cmsis/vectors_stm32f407xx.o
 .debug_abbrev  0x0000000000001d1d      0x365 ./src/main.o
 .debug_abbrev  0x0000000000002082      0x217 ./src/stm32f4xx_it.o

.debug_line     0x0000000000000000     0x1fa2
 *(.debug_line)
 .debug_line    0x0000000000000000      0x345 ./system/src/stm32f4-hal/stm32f4xx_hal.o
 .debug_line    0x0000000000000345      0x3a1 ./system/src/stm32f4-hal/stm32f4xx_hal_cortex.o
 .debug_line    0x00000000000006e6      0x383 ./system/src/stm32f4-hal/stm32f4xx_hal_gpio.o
 .debug_line    0x0000000000000a69      0x52f ./system/src/stm32f4-hal/stm32f4xx_hal_rcc.o
 .debug_line    0x0000000000000f98      0x128 ./system/src/newlib/_exit.o
 .debug_line    0x00000000000010c0      0x131 ./system/src/newlib/_startup.o
 .debug_line    0x00000000000011f1      0x278 ./system/src/newlib/_syscalls.o
 .debug_line    0x0000000000001469      0x164 ./system/src/cortexm/_initialize_hardware.o
 .debug_line    0x00000000000015cd      0x173 ./system/src/cortexm/_reset_hardware.o
 .debug_line    0x0000000000001740      0x1b8 ./system/src/cortexm/exception_handlers.o
 .debug_line    0x00000000000018f8      0x190 ./system/src/cmsis/system_stm32f4xx.o
 .debug_line    0x0000000000001a88       0x5a ./system/src/cmsis/vectors_stm32f407xx.o
 .debug_line    0x0000000000001ae2      0x303 ./src/main.o
 .debug_line    0x0000000000001de5      0x1bd ./src/stm32f4xx_it.o

.debug_frame    0x0000000000000000      0xa14
 *(.debug_frame)
 .debug_frame   0x0000000000000000      0x184 ./system/src/stm32f4-hal/stm32f4xx_hal.o
 .debug_frame   0x0000000000000184      0x138 ./system/src/stm32f4-hal/stm32f4xx_hal_cortex.o
 .debug_frame   0x00000000000002bc       0xd8 ./system/src/stm32f4-hal/stm32f4xx_hal_gpio.o
 .debug_frame   0x0000000000000394      0x140 ./system/src/stm32f4-hal/stm32f4xx_hal_rcc.o
 .debug_frame   0x00000000000004d4       0x40 ./system/src/newlib/_exit.o
 .debug_frame   0x0000000000000514       0x80 ./system/src/newlib/_startup.o
 .debug_frame   0x0000000000000594      0x228 ./system/src/newlib/_syscalls.o
 .debug_frame   0x00000000000007bc       0x38 ./system/src/cortexm/_initialize_hardware.o
 .debug_frame   0x00000000000007f4       0x20 ./system/src/cortexm/_reset_hardware.o
 .debug_frame   0x0000000000000814       0xe0 ./system/src/cortexm/exception_handlers.o
 .debug_frame   0x00000000000008f4       0x38 ./system/src/cmsis/system_stm32f4xx.o
 .debug_frame   0x000000000000092c       0x20 ./system/src/cmsis/vectors_stm32f407xx.o
 .debug_frame   0x000000000000094c       0x28 ./src/main.o
 .debug_frame   0x0000000000000974       0xa0 ./src/stm32f4xx_it.o

.debug_str      0x0000000000000000     0x1fab
 *(.debug_str)
 .debug_str     0x0000000000000000      0xdac ./system/src/stm32f4-hal/stm32f4xx_hal.o
                                        0xe91 (size before relaxing)
 .debug_str     0x0000000000000dac      0x3ab ./system/src/stm32f4-hal/stm32f4xx_hal_cortex.o
                                        0xff5 (size before relaxing)
 .debug_str     0x0000000000001157      0x1b6 ./system/src/stm32f4-hal/stm32f4xx_hal_gpio.o
                                        0x8fd (size before relaxing)
 .debug_str     0x000000000000130d      0x287 ./system/src/stm32f4-hal/stm32f4xx_hal_rcc.o
                                        0xac8 (size before relaxing)
 .debug_str     0x0000000000001594       0x7a ./system/src/newlib/_exit.o
                                        0x5f1 (size before relaxing)
 .debug_str     0x000000000000160e      0x1a3 ./system/src/newlib/_startup.o
                                        0x359 (size before relaxing)
 .debug_str     0x00000000000017b1      0x28b ./system/src/newlib/_syscalls.o
                                        0x8b8 (size before relaxing)
 .debug_str     0x0000000000001a3c       0x5e ./system/src/cortexm/_initialize_hardware.o
                                        0x6b3 (size before relaxing)
 .debug_str     0x0000000000001a9a       0x28 ./system/src/cortexm/_reset_hardware.o
                                        0x679 (size before relaxing)
 .debug_str     0x0000000000001ac2      0x11f ./system/src/cortexm/exception_handlers.o
                                        0x6ff (size before relaxing)
 .debug_str     0x0000000000001be1       0x31 ./system/src/cmsis/system_stm32f4xx.o
                                        0x786 (size before relaxing)
 .debug_str     0x0000000000001c12       0x59 ./system/src/cmsis/vectors_stm32f407xx.o
                                        0x1dc (size before relaxing)
 .debug_str     0x0000000000001c6b      0x32a ./src/main.o
                                        0xbeb (size before relaxing)
 .debug_str     0x0000000000001f95       0x16 ./src/stm32f4xx_it.o
                                        0x665 (size before relaxing)

.debug_loc      0x0000000000000000     0x14d9
 *(.debug_loc)
 .debug_loc     0x0000000000000000       0x92 ./system/src/stm32f4-hal/stm32f4xx_hal.o
 .debug_loc     0x0000000000000092      0x4da ./system/src/stm32f4-hal/stm32f4xx_hal_cortex.o
 .debug_loc     0x000000000000056c      0x3cd ./system/src/stm32f4-hal/stm32f4xx_hal_gpio.o
 .debug_loc     0x0000000000000939      0x4a5 ./system/src/stm32f4-hal/stm32f4xx_hal_rcc.o
 .debug_loc     0x0000000000000dde       0x21 ./system/src/newlib/_exit.o
 .debug_loc     0x0000000000000dff      0x222 ./system/src/newlib/_startup.o
 .debug_loc     0x0000000000001021      0x39c ./system/src/newlib/_syscalls.o
 .debug_loc     0x00000000000013bd      0x11c ./system/src/cmsis/system_stm32f4xx.o

.debug_macinfo
 *(.debug_macinfo)

.debug_weaknames
 *(.debug_weaknames)

.debug_funcnames
 *(.debug_funcnames)

.debug_typenames
 *(.debug_typenames)

.debug_varnames
 *(.debug_varnames)
OUTPUT(blink.elf elf32-littlearm)

.debug_ranges   0x0000000000000000      0x630
 .debug_ranges  0x0000000000000000       0xa8 ./system/src/stm32f4-hal/stm32f4xx_hal.o
 .debug_ranges  0x00000000000000a8      0x128 ./system/src/stm32f4-hal/stm32f4xx_hal_cortex.o
 .debug_ranges  0x00000000000001d0       0x68 ./system/src/stm32f4-hal/stm32f4xx_hal_gpio.o
 .debug_ranges  0x0000000000000238      0x168 ./system/src/stm32f4-hal/stm32f4xx_hal_rcc.o
 .debug_ranges  0x00000000000003a0       0x18 ./system/src/newlib/_exit.o
 .debug_ranges  0x00000000000003b8       0xd0 ./system/src/newlib/_startup.o
 .debug_ranges  0x0000000000000488       0x80 ./system/src/newlib/_syscalls.o
 .debug_ranges  0x0000000000000508       0x18 ./system/src/cortexm/_initialize_hardware.o
 .debug_ranges  0x0000000000000520       0x10 ./system/src/cortexm/_reset_hardware.o
 .debug_ranges  0x0000000000000530       0x70 ./system/src/cortexm/exception_handlers.o
 .debug_ranges  0x00000000000005a0       0x18 ./system/src/cmsis/system_stm32f4xx.o
 .debug_ranges  0x00000000000005b8       0x10 ./system/src/cmsis/vectors_stm32f407xx.o
 .debug_ranges  0x00000000000005c8       0x30 ./src/main.o
 .debug_ranges  0x00000000000005f8       0x38 ./src/stm32f4xx_it.o
